Component: ARM Compiler 5.06 update 7 (build 960) Tool: armlink [4d3601]

==============================================================================

Section Cross References

    system_da14531.o(.text) refers to system_da14531.o(.data) for .data
    system_da14531.o(.text) refers to otp_cs.o(otp_cs_booter) for booter_val
    startup_da14531.o(RESET) refers to startup_da14531.o(STACK) for __initial_sp
    startup_da14531.o(RESET) refers to startup_da14531.o(.text) for Reset_Handler
    startup_da14531.o(RESET) refers to rwble.o(.text) for BLE_WAKEUP_LP_Handler
    startup_da14531.o(RESET) refers to uart.o(.text) for UART2_Handler
    startup_da14531.o(RESET) refers to i2c.o(.text) for I2C_Handler
    startup_da14531.o(RESET) refers to adc_531.o(.text) for ADC_Handler
    startup_da14531.o(RESET) refers to gpio.o(.text) for GPIO0_Handler
    startup_da14531.o(RESET) refers to wkupct_quadec.o(.text) for WKUP_QUADEC_Handler
    startup_da14531.o(.text) refers to system_da14531.o(.text) for SystemInit
    startup_da14531.o(.text) refers to entry.o(.ARM.Collect$$$$00000000) for __main
    startup_da14531.o(.text) refers to nmi_handler.o(.text) for NMI_HandlerC
    startup_da14531.o(.text) refers to hardfault_handler.o(.text) for HardFault_HandlerC
    hardfault_handler.o(.text) refers to syscntl.o(.text) for syscntl_dcdc_set_level
    nmi_handler.o(.text) refers to syscntl.o(.text) for syscntl_dcdc_set_level
    nvds.o(.constdata) refers to nvds.o(.constdata) for nvds_data_storage
    nvds.o(.constdata) refers to arch_system.o(retention_mem_area0) for dev_bdaddr
    arch_main.o(.text) refers to arch_system.o(.text) for system_init
    arch_main.o(.text) refers to rwip.o(.text) for rwip_sleep
    arch_main.o(.text) refers to arch_sleep.o(.text) for arch_get_sleep_mode
    arch_main.o(.text) refers to user_periph_setup.o(.text) for periph_init
    arch_main.o(.text) refers to hw_otpc_531.o(.text) for hw_otpc_init
    arch_main.o(.text) refers (Weak) to hw_otpc_531.o(.text) for hw_otpc_clear_dcdc_reserved
    arch_main.o(.text) refers to syscntl.o(.text) for syscntl_dcdc_set_level
    arch_main.o(.text) refers to rwble.o(retention_mem_area0) for arch_rwble_last_event
    arch_main.o(.text) refers to otp_cs.o(otp_cs_booter) for booter_val
    arch_main.o(.text) refers to arch_main.o(retention_mem_area0) for retention_mem_area0
    arch_main.o(.constdata) refers to user_peripheral.o(.text) for user_app_init
    jump_table.o(.constdata) refers to ble_arp.o(.text) for rf_init_func
    jump_table.o(.constdata) refers to jump_table.o(.text) for platform_reset_func
    jump_table.o(.constdata) refers to rwble.o(.text) for lld_sleep_compensate_func
    jump_table.o(.constdata) refers to arch_system.o(.text) for lld_sleep_init_func
    jump_table.o(.constdata) refers to patch.o(.text) for JT_lld_test_mode_rx_func
    jump_table.o(.constdata) refers to prf.o(.text) for prf_init_func
    jump_table.o(.constdata) refers to jump_table.o(heap_mem_area_not_ret) for rwip_heap_non_ret
    jump_table.o(.constdata) refers to jump_table.o(heap_env_area) for rwip_heap_env_ret
    jump_table.o(.constdata) refers to jump_table.o(heap_db_area) for rwip_heap_db_ret
    jump_table.o(.constdata) refers to jump_table.o(heap_msg_area) for rwip_heap_msg_ret
    jump_table.o(.constdata) refers to nvds.o(.constdata) for rom_nvds_cfg
    jump_table.o(.constdata) refers to custs1.o(.constdata) for rom_cust_prf_cfg
    jump_table.o(.constdata) refers to prf.o(.constdata) for rom_prf_cfg
    jump_table.o(.constdata) refers to app_entry_point.o(.constdata) for rom_app_task_cfg
    arch_sleep.o(.text) refers to arch_sleep.o(retention_mem_area0) for retention_mem_area0
    arch_sleep.o(.text) refers to arch_sleep.o(.text) for arch_set_extended_sleep
    arch_sleep.o(.text) refers to arch_sleep.o(retention_mem_area0) for retention_mem_area0
    arch_sleep.o(.text) refers to arch_sleep.o(.text) for arch_get_sleep_mode
    arch_sleep.o(.text) refers to arch_sleep.o(retention_mem_area0) for retention_mem_area0
    arch_sleep.o(.text) refers to arch_sleep.o(retention_mem_area0) for retention_mem_area0
    arch_sleep.o(.text) refers to arch_sleep.o(retention_mem_area0) for retention_mem_area0
    arch_sleep.o(.text) refers to rwble.o(retention_mem_area0) for arch_rwble_last_event
    arch_system.o(.text) refers to arch_system.o(i.__ARM_common_ll_muluu) for __ARM_common_ll_muluu
    arch_system.o(.text) refers to otp_cs.o(.text) for otp_cs_get_xtal_wait_trim
    arch_system.o(.text) refers to adc_531.o(.text) for adc_init
    arch_system.o(.text) refers to ble_arp.o(.text) for rf_recalibration
    arch_system.o(.text) refers to gpio.o(.text) for GPIO_init
    arch_system.o(.text) refers to hw_otpc_531.o(.text) for hw_otpc_init
    arch_system.o(.text) refers to otp_hdr.o(.text) for otp_hdr_get_bd_address
    arch_system.o(.text) refers to arch_system.o(retention_mem_area0) for retention_mem_area0
[...]
    smpc_check_param_func                    0x07f19e59   Thumb Code     0  da14531_symbols.txt ABSOLUTE
    gapc_hci_handler                         0x07f1aacd   Thumb Code     0  da14531_symbols.txt ABSOLUTE
    gapm_hci_handler                         0x07f1b745   Thumb Code     0  da14531_symbols.txt ABSOLUTE
    smpc_pairing_start                       0x07f1b7b1   Thumb Code     0  da14531_symbols.txt ABSOLUTE
    smpc_pairing_tk_exch                     0x07f1b837   Thumb Code     0  da14531_symbols.txt ABSOLUTE
    smpc_pairing_ltk_exch                    0x07f1b8f5   Thumb Code     0  da14531_symbols.txt ABSOLUTE
    smpc_pairing_csrk_exch                   0x07f1b949   Thumb Code     0  da14531_symbols.txt ABSOLUTE
    smpc_pairing_rsp                         0x07f1b99f   Thumb Code     0  da14531_symbols.txt ABSOLUTE
    smpc_pairing_req_handler                 0x07f1ba83   Thumb Code     0  da14531_symbols.txt ABSOLUTE
    smpc_security_req_send                   0x07f1babb   Thumb Code     0  da14531_symbols.txt ABSOLUTE
    smpc_encrypt_start                       0x07f1bae5   Thumb Code     0  da14531_symbols.txt ABSOLUTE
    smpc_encrypt_start_handler               0x07f1bb0b   Thumb Code     0  da14531_symbols.txt ABSOLUTE
    smpc_encrypt_cfm                         0x07f1bb3d   Thumb Code     0  da14531_symbols.txt ABSOLUTE
    smpc_sign_command                        0x07f1bb69   Thumb Code     0  da14531_symbols.txt ABSOLUTE
    smpc_sign_cont                           0x07f1bc41   Thumb Code     0  da14531_symbols.txt ABSOLUTE
    smpc_calc_confirm_cont                   0x07f1bdeb   Thumb Code     0  da14531_symbols.txt ABSOLUTE
    smpc_confirm_gen_rand                    0x07f1c32d   Thumb Code     0  da14531_symbols.txt ABSOLUTE
    smpc_public_key_exchange_start_func      0x07f1c3f3   Thumb Code     0  da14531_symbols.txt ABSOLUTE
    smpc_dhkey_calc_start                    0x07f1c417   Thumb Code     0  da14531_symbols.txt ABSOLUTE
    smpc_sec_authentication_start            0x07f1c447   Thumb Code     0  da14531_symbols.txt ABSOLUTE
    smpc_dhkey_calc_ind_func                 0x07f1c475   Thumb Code     0  da14531_symbols.txt ABSOLUTE
    smpm_gen_rand_addr                       0x07f1c4b9   Thumb Code     0  da14531_symbols.txt ABSOLUTE
    smpm_resolv_addr                         0x07f1c4d1   Thumb Code     0  da14531_symbols.txt ABSOLUTE
    smpm_use_enc_block                       0x07f1c4f3   Thumb Code     0  da14531_symbols.txt ABSOLUTE
    smpm_gen_rand_nb                         0x07f1c4fb   Thumb Code     0  da14531_symbols.txt ABSOLUTE
    smpm_ecdh_key_create_func                0x07f1c503   Thumb Code     0  da14531_symbols.txt ABSOLUTE
    ke_init                                  0x07f1c521   Thumb Code     0  da14531_symbols.txt ABSOLUTE
    ke_flush                                 0x07f1c553   Thumb Code     0  da14531_symbols.txt ABSOLUTE
    ke_sleep_check                           0x07f1c593   Thumb Code     0  da14531_symbols.txt ABSOLUTE
    ke_stats_get                             0x07f1c5a5   Thumb Code     0  da14531_symbols.txt ABSOLUTE
    ke_event_init                            0x07f1c5c1   Thumb Code     0  da14531_symbols.txt ABSOLUTE
    ke_event_callback_set                    0x07f1c5cd   Thumb Code     0  da14531_symbols.txt ABSOLUTE
    ke_event_set                             0x07f1c5e1   Thumb Code     0  da14531_symbols.txt ABSOLUTE
    ke_event_clear                           0x07f1c60d   Thumb Code     0  da14531_symbols.txt ABSOLUTE
    ke_event_get                             0x07f1c639   Thumb Code     0  da14531_symbols.txt ABSOLUTE
    ke_event_get_all                         0x07f1c65f   Thumb Code     0  da14531_symbols.txt ABSOLUTE
    ke_event_flush                           0x07f1c665   Thumb Code     0  da14531_symbols.txt ABSOLUTE
    ke_event_schedule                        0x07f1c66d   Thumb Code     0  da14531_symbols.txt ABSOLUTE
    ke_mem_init                              0x07f1c6bd   Thumb Code     0  da14531_symbols.txt ABSOLUTE
    ke_mem_is_empty                          0x07f1c709   Thumb Code     0  da14531_symbols.txt ABSOLUTE
    ke_check_malloc                          0x07f1c749   Thumb Code     0  da14531_symbols.txt ABSOLUTE
    ke_malloc                                0x07f1c7d9   Thumb Code     0  da14531_symbols.txt ABSOLUTE
    ke_free                                  0x07f1c8cf   Thumb Code     0  da14531_symbols.txt ABSOLUTE
    ke_is_free                               0x07f1c9b1   Thumb Code     0  da14531_symbols.txt ABSOLUTE
    ke_get_mem_usage                         0x07f1c9c3   Thumb Code     0  da14531_symbols.txt ABSOLUTE
    ke_get_max_mem_usage                     0x07f1c9cf   Thumb Code     0  da14531_symbols.txt ABSOLUTE
    ke_msg_alloc                             0x07f1c9f5   Thumb Code     0  da14531_symbols.txt ABSOLUTE
    ke_msg_send                              0x07f1ca2b   Thumb Code     0  da14531_symbols.txt ABSOLUTE
    ke_msg_send_basic                        0x07f1ca57   Thumb Code     0  da14531_symbols.txt ABSOLUTE
    ke_msg_forward                           0x07f1ca65   Thumb Code     0  da14531_symbols.txt ABSOLUTE
    ke_msg_forward_new_id                    0x07f1ca6f   Thumb Code     0  da14531_symbols.txt ABSOLUTE
    ke_msg_free                              0x07f1ca7f   Thumb Code     0  da14531_symbols.txt ABSOLUTE
    ke_msg_dest_id_get                       0x07f1ca87   Thumb Code     0  da14531_symbols.txt ABSOLUTE
    ke_msg_src_id_get                        0x07f1ca8d   Thumb Code     0  da14531_symbols.txt ABSOLUTE
    ke_msg_in_queue                          0x07f1ca93   Thumb Code     0  da14531_symbols.txt ABSOLUTE
    ke_queue_extract                         0x07f1caa5   Thumb Code     0  da14531_symbols.txt ABSOLUTE
    ke_queue_insert                          0x07f1caf5   Thumb Code     0  da14531_symbols.txt ABSOLUTE
    ke_task_init_func                        0x07f1cddf   Thumb Code     0  da14531_symbols.txt ABSOLUTE
    ke_task_create                           0x07f1cdf3   Thumb Code     0  da14531_symbols.txt ABSOLUTE
    ke_task_delete                           0x07f1ce2b   Thumb Code     0  da14531_symbols.txt ABSOLUTE
    ke_state_set                             0x07f1ce57   Thumb Code     0  da14531_symbols.txt ABSOLUTE
    ke_state_get                             0x07f1ce81   Thumb Code     0  da14531_symbols.txt ABSOLUTE
    ke_msg_discard                           0x07f1ce9f   Thumb Code     0  da14531_symbols.txt ABSOLUTE
    ke_msg_save                              0x07f1cea3   Thumb Code     0  da14531_symbols.txt ABSOLUTE
    ke_task_msg_flush                        0x07f1cea7   Thumb Code     0  da14531_symbols.txt ABSOLUTE
    ke_timer_init_func                       0x07f1d067   Thumb Code     0  da14531_symbols.txt ABSOLUTE
    ke_timer_set                             0x07f1d073   Thumb Code     0  da14531_symbols.txt ABSOLUTE
    ke_timer_clear                           0x07f1d107   Thumb Code     0  da14531_symbols.txt ABSOLUTE
    ke_timer_active                          0x07f1d15d   Thumb Code     0  da14531_symbols.txt ABSOLUTE
    ke_timer_sleep_check                     0x07f1d183   Thumb Code     0  da14531_symbols.txt ABSOLUTE
    rwble_hl_init                            0x07f1d289   Thumb Code     0  da14531_symbols.txt ABSOLUTE
    rwble_hl_reset                           0x07f1d2ab   Thumb Code     0  da14531_symbols.txt ABSOLUTE
    rwble_hl_send_message                    0x07f1d2cd   Thumb Code     0  da14531_symbols.txt ABSOLUTE
    rwip_check_wakeup_boundary               0x07f1d2d1   Thumb Code     0  da14531_symbols.txt ABSOLUTE
    rwip_init                                0x07f1d2f7   Thumb Code     0  da14531_symbols.txt ABSOLUTE
    rwip_reset                               0x07f1d3bb   Thumb Code     0  da14531_symbols.txt ABSOLUTE
    rwip_version                             0x07f1d3f3   Thumb Code     0  da14531_symbols.txt ABSOLUTE
    rwip_schedule                            0x07f1d3fb   Thumb Code     0  da14531_symbols.txt ABSOLUTE
    rwip_prevent_sleep_set                   0x07f1d4a7   Thumb Code     0  da14531_symbols.txt ABSOLUTE
    rwip_wakeup                              0x07f1d4c9   Thumb Code     0  da14531_symbols.txt ABSOLUTE
    rwip_prevent_sleep_clear                 0x07f1d4df   Thumb Code     0  da14531_symbols.txt ABSOLUTE
    rwip_wakeup_end                          0x07f1d501   Thumb Code     0  da14531_symbols.txt ABSOLUTE
    rwip_wakeup_delay_set                    0x07f1d51d   Thumb Code     0  da14531_symbols.txt ABSOLUTE
    rwip_sleep_enable                        0x07f1d52b   Thumb Code     0  da14531_symbols.txt ABSOLUTE
    rwip_ext_wakeup_enable                   0x07f1d531   Thumb Code     0  da14531_symbols.txt ABSOLUTE
    rwble_init                               0x07f1d555   Thumb Code     0  da14531_symbols.txt ABSOLUTE
    rwble_reset                              0x07f1d5bb   Thumb Code     0  da14531_symbols.txt ABSOLUTE
    rwble_version                            0x07f1d5ef   Thumb Code     0  da14531_symbols.txt ABSOLUTE
    rwble_send_message                       0x07f1d61b   Thumb Code     0  da14531_symbols.txt ABSOLUTE
    YieldToScheduler                         0x07f1d725   Thumb Code     0  da14531_symbols.txt ABSOLUTE
    xorshift64star                           0x07f1d72d   Thumb Code     0  da14531_symbols.txt ABSOLUTE
    uECC_set_rng                             0x07f1d793   Thumb Code     0  da14531_symbols.txt ABSOLUTE
    uECC_get_rng                             0x07f1d799   Thumb Code     0  da14531_symbols.txt ABSOLUTE
    uECC_curve_private_key_size              0x07f1d79f   Thumb Code     0  da14531_symbols.txt ABSOLUTE
    uECC_curve_public_key_size               0x07f1d7af   Thumb Code     0  da14531_symbols.txt ABSOLUTE
    uECC_vli_clear                           0x07f1d7b7   Thumb Code     0  da14531_symbols.txt ABSOLUTE
    uECC_vli_isZero                          0x07f1d7cd   Thumb Code     0  da14531_symbols.txt ABSOLUTE
    uECC_vli_testBit                         0x07f1d7ef   Thumb Code     0  da14531_symbols.txt ABSOLUTE
    uECC_vli_numBits                         0x07f1d801   Thumb Code     0  da14531_symbols.txt ABSOLUTE
    uECC_vli_set                             0x07f1d83b   Thumb Code     0  da14531_symbols.txt ABSOLUTE
    uECC_vli_equal                           0x07f1d879   Thumb Code     0  da14531_symbols.txt ABSOLUTE
    uECC_vli_cmp                             0x07f1d89d   Thumb Code     0  da14531_symbols.txt ABSOLUTE
    uECC_vli_rshift1                         0x07f1d8d3   Thumb Code     0  da14531_symbols.txt ABSOLUTE
    uECC_vli_square                          0x07f1d8f1   Thumb Code     0  da14531_symbols.txt ABSOLUTE
    uECC_vli_modAdd                          0x07f1d8fd   Thumb Code     0  da14531_symbols.txt ABSOLUTE
    uECC_vli_modSub                          0x07f1d92b   Thumb Code     0  da14531_symbols.txt ABSOLUTE
    uECC_vli_mmod                            0x07f1d94b   Thumb Code     0  da14531_symbols.txt ABSOLUTE
    uECC_vli_modMult                         0x07f1da55   Thumb Code     0  da14531_symbols.txt ABSOLUTE
    uECC_vli_modMult_fast                    0x07f1da77   Thumb Code     0  da14531_symbols.txt ABSOLUTE
    uECC_vli_modSquare                       0x07f1da97   Thumb Code     0  da14531_symbols.txt ABSOLUTE
    uECC_vli_modSquare_fast                  0x07f1daa5   Thumb Code     0  da14531_symbols.txt ABSOLUTE
    uECC_vli_modInv                          0x07f1dae5   Thumb Code     0  da14531_symbols.txt ABSOLUTE
    uECC_secp256r1                           0x07f1de21   Thumb Code     0  da14531_symbols.txt ABSOLUTE
    uECC_vli_nativeToBytes                   0x07f1e41f   Thumb Code     0  da14531_symbols.txt ABSOLUTE
    uECC_vli_bytesToNative                   0x07f1e441   Thumb Code     0  da14531_symbols.txt ABSOLUTE
    uECC_generate_random_int                 0x07f1e47f   Thumb Code     0  da14531_symbols.txt ABSOLUTE
    uECC_make_key                            0x07f1e4e1   Thumb Code     0  da14531_symbols.txt ABSOLUTE
    uECC_shared_secret                       0x07f1e55f   Thumb Code     0  da14531_symbols.txt ABSOLUTE
    uECC_compress                            0x07f1e61b   Thumb Code     0  da14531_symbols.txt ABSOLUTE
    uECC_decompress                          0x07f1e649   Thumb Code     0  da14531_symbols.txt ABSOLUTE
    uECC_valid_point                         0x07f1e6b9   Thumb Code     0  da14531_symbols.txt ABSOLUTE
    uECC_valid_public_key                    0x07f1e71b   Thumb Code     0  da14531_symbols.txt ABSOLUTE
    uECC_compute_public_key                  0x07f1e74f   Thumb Code     0  da14531_symbols.txt ABSOLUTE
    uECC_sign                                0x07f1e9d5   Thumb Code     0  da14531_symbols.txt ABSOLUTE
    uECC_sign_deterministic                  0x07f1eabb   Thumb Code     0  da14531_symbols.txt ABSOLUTE
    uECC_verify                              0x07f1ec29   Thumb Code     0  da14531_symbols.txt ABSOLUTE
    uECC_curve_num_words                     0x07f1eed5   Thumb Code     0  da14531_symbols.txt ABSOLUTE
    uECC_curve_num_bytes                     0x07f1eedd   Thumb Code     0  da14531_symbols.txt ABSOLUTE
    uECC_curve_num_bits                      0x07f1eee5   Thumb Code     0  da14531_symbols.txt ABSOLUTE
    uECC_curve_num_n_words                   0x07f1eeed   Thumb Code     0  da14531_symbols.txt ABSOLUTE
    uECC_curve_num_n_bytes                   0x07f1eefd   Thumb Code     0  da14531_symbols.txt ABSOLUTE
    uECC_curve_num_n_bits                    0x07f1ef0d   Thumb Code     0  da14531_symbols.txt ABSOLUTE
    uECC_curve_p                             0x07f1ef15   Thumb Code     0  da14531_symbols.txt ABSOLUTE
    uECC_curve_n                             0x07f1ef19   Thumb Code     0  da14531_symbols.txt ABSOLUTE
    uECC_curve_G                             0x07f1ef1d   Thumb Code     0  da14531_symbols.txt ABSOLUTE
    uECC_curve_b                             0x07f1ef21   Thumb Code     0  da14531_symbols.txt ABSOLUTE
    uECC_vli_mod_sqrt                        0x07f1ef25   Thumb Code     0  da14531_symbols.txt ABSOLUTE
    uECC_vli_mmod_fast                       0x07f1ef2b   Thumb Code     0  da14531_symbols.txt ABSOLUTE
    uECC_point_mult                          0x07f1ef31   Thumb Code     0  da14531_symbols.txt ABSOLUTE
    __aeabi_uidiv                            0x07f1f005   Thumb Code     0  da14531_symbols.txt ABSOLUTE
    __aeabi_uidivmod                         0x07f1f005   Thumb Code     0  da14531_symbols.txt ABSOLUTE
    __aeabi_idiv                             0x07f1f031   Thumb Code     0  da14531_symbols.txt ABSOLUTE
    __aeabi_idivmod                          0x07f1f031   Thumb Code     0  da14531_symbols.txt ABSOLUTE
    __aeabi_lmul                             0x07f1f059   Thumb Code     0  da14531_symbols.txt ABSOLUTE
    _ll_mul                                  0x07f1f059   Thumb Code     0  da14531_symbols.txt ABSOLUTE
    rand                                     0x07f1f0d5   Thumb Code     0  da14531_symbols.txt ABSOLUTE
    srand                                    0x07f1f0e7   Thumb Code     0  da14531_symbols.txt ABSOLUTE
    __aeabi_memcpy                           0x07f1f0f9   Thumb Code     0  da14531_symbols.txt ABSOLUTE
    __aeabi_memcpy4                          0x07f1f0f9   Thumb Code     0  da14531_symbols.txt ABSOLUTE
    __aeabi_memcpy8                          0x07f1f0f9   Thumb Code     0  da14531_symbols.txt ABSOLUTE
    __aeabi_memset                           0x07f1f11d   Thumb Code     0  da14531_symbols.txt ABSOLUTE
    __aeabi_memset4                          0x07f1f11d   Thumb Code     0  da14531_symbols.txt ABSOLUTE
    __aeabi_memset8                          0x07f1f11d   Thumb Code     0  da14531_symbols.txt ABSOLUTE
    __aeabi_memclr                           0x07f1f12b   Thumb Code     0  da14531_symbols.txt ABSOLUTE
    __aeabi_memclr4                          0x07f1f12b   Thumb Code     0  da14531_symbols.txt ABSOLUTE
    __aeabi_memclr8                          0x07f1f12b   Thumb Code     0  da14531_symbols.txt ABSOLUTE
    _memset$wrapper                          0x07f1f12f   Thumb Code     0  da14531_symbols.txt ABSOLUTE
    memcmp                                   0x07f1f141   Thumb Code     0  da14531_symbols.txt ABSOLUTE
    __aeabi_uread4                           0x07f1f15b   Thumb Code     0  da14531_symbols.txt ABSOLUTE
    __rt_uread4                              0x07f1f15b   Thumb Code     0  da14531_symbols.txt ABSOLUTE
    _uread4                                  0x07f1f15b   Thumb Code     0  da14531_symbols.txt ABSOLUTE
    __aeabi_uwrite4                          0x07f1f16f   Thumb Code     0  da14531_symbols.txt ABSOLUTE
    __rt_uwrite4                             0x07f1f16f   Thumb Code     0  da14531_symbols.txt ABSOLUTE
    _uwrite4                                 0x07f1f16f   Thumb Code     0  da14531_symbols.txt ABSOLUTE
    __aeabi_llsl                             0x07f1f181   Thumb Code     0  da14531_symbols.txt ABSOLUTE
    _ll_shift_l                              0x07f1f181   Thumb Code     0  da14531_symbols.txt ABSOLUTE
    __ARM_common_switch8                     0x07f1f1a1   Thumb Code     0  da14531_symbols.txt ABSOLUTE
    uart_api                                 0x07f1f1bc   Data           0  da14531_symbols.txt ABSOLUTE
    co_sca2ppm                               0x07f1f1cc   Data           0  da14531_symbols.txt ABSOLUTE
    co_null_bdaddr                           0x07f1f1dc   Data           0  da14531_symbols.txt ABSOLUTE
    co_default_bdaddr                        0x07f1f1e2   Data           0  da14531_symbols.txt ABSOLUTE
    llc_state_handler                        0x07f1f468   Data           0  da14531_symbols.txt ABSOLUTE
    llc_default_handler                      0x07f1f538   Data           0  da14531_symbols.txt ABSOLUTE
    llm_debug_private_key                    0x07f1f556   Data           0  da14531_symbols.txt ABSOLUTE
    llm_local_le_states                      0x07f1f588   Data           0  da14531_symbols.txt ABSOLUTE
    llm_state_handler                        0x07f1f770   Data           0  da14531_symbols.txt ABSOLUTE
    llm_default_handler                      0x07f1f7a0   Data           0  da14531_symbols.txt ABSOLUTE
    LLM_AA_CT1                               0x07f1f7a8   Data           0  da14531_symbols.txt ABSOLUTE
    LLM_AA_CT2                               0x07f1f7ab   Data           0  da14531_symbols.txt ABSOLUTE
    ecc_p256_G                               0x07f1f7ad   Data           0  da14531_symbols.txt ABSOLUTE
    gtl_default_state                        0x07f1f800   Data           0  da14531_symbols.txt ABSOLUTE
    gtl_default_handler                      0x07f1f808   Data           0  da14531_symbols.txt ABSOLUTE
    hci_cmd_desc_tab_lk_ctrl                 0x07f1f814   Data           0  da14531_symbols.txt ABSOLUTE
    hci_cmd_desc_tab_ctrl_bb                 0x07f1f838   Data           0  da14531_symbols.txt ABSOLUTE
    hci_cmd_desc_tab_info_par                0x07f1f8b0   Data           0  da14531_symbols.txt ABSOLUTE
    hci_cmd_desc_tab_stat_par                0x07f1f8e0   Data           0  da14531_symbols.txt ABSOLUTE
    hci_cmd_desc_tab_le                      0x07f1f8ec   Data           0  da14531_symbols.txt ABSOLUTE
    hci_cmd_desc_tab_vs                      0x07f1fb38   Data           0  da14531_symbols.txt ABSOLUTE
    rom_hci_cmd_desc_root_tab                0x07f1fc7c   Data           0  da14531_symbols.txt ABSOLUTE
    hci_evt_desc_tab                         0x07f1fcac   Data           0  da14531_symbols.txt ABSOLUTE
    hci_evt_le_desc_tab                      0x07f1fcf4   Data           0  da14531_symbols.txt ABSOLUTE
    attc_handlers                            0x07f1fd64   Data           0  da14531_symbols.txt ABSOLUTE
    atts_handlers                            0x07f1fdd4   Data           0  da14531_symbols.txt ABSOLUTE
    gattc_default_state                      0x07f1fe54   Data           0  da14531_symbols.txt ABSOLUTE
    gattc_default_handler                    0x07f1ff34   Data           0  da14531_symbols.txt ABSOLUTE
    gattm_default_state                      0x07f1ff80   Data           0  da14531_symbols.txt ABSOLUTE
    gattm_default_handler                    0x07f1ffd8   Data           0  da14531_symbols.txt ABSOLUTE
    l2cc_default_state                       0x07f1fff0   Data           0  da14531_symbols.txt ABSOLUTE
    l2cc_default_handler                     0x07f20008   Data           0  da14531_symbols.txt ABSOLUTE
    const_Rb                                 0x07f20029   Data           0  da14531_symbols.txt ABSOLUTE
    const_Zero                               0x07f20039   Data           0  da14531_symbols.txt ABSOLUTE
    gapc_default_state                       0x07f2005c   Data           0  da14531_symbols.txt ABSOLUTE
    gapc_default_handler                     0x07f201ac   Data           0  da14531_symbols.txt ABSOLUTE
    gapm_default_state                       0x07f20248   Data           0  da14531_symbols.txt ABSOLUTE
    gapm_default_handler                     0x07f20330   Data           0  da14531_symbols.txt ABSOLUTE
    l2cc_connor_pkt_format                   0x07f20338   Data           0  da14531_symbols.txt ABSOLUTE
    l2cc_signaling_pkt_format                0x07f20340   Data           0  da14531_symbols.txt ABSOLUTE
    l2cc_security_pkt_format                 0x07f2039c   Data           0  da14531_symbols.txt ABSOLUTE
    l2cc_attribute_pkt_format                0x07f203d8   Data           0  da14531_symbols.txt ABSOLUTE
    smpc_construct_pdu                       0x07f20454   Data           0  da14531_symbols.txt ABSOLUTE
    arch_printf_flush                        0x07f20be5   Thumb Code     0  da14531_symbols.txt ABSOLUTE
    arch_vprintf                             0x07f20c9d   Thumb Code     0  da14531_symbols.txt ABSOLUTE
    arch_printf                              0x07f20cfd   Thumb Code     0  da14531_symbols.txt ABSOLUTE
    arch_puts                                0x07f20d11   Thumb Code     0  da14531_symbols.txt ABSOLUTE
    arch_printf_process                      0x07f20d21   Thumb Code     0  da14531_symbols.txt ABSOLUTE
    nvds_get_func                            0x07f20dcd   Thumb Code     0  da14531_symbols.txt ABSOLUTE
    nvds_init_func                           0x07f20ea9   Thumb Code     0  da14531_symbols.txt ABSOLUTE
    nvds_del_func                            0x07f20ead   Thumb Code     0  da14531_symbols.txt ABSOLUTE
    nvds_put_func                            0x07f20eb1   Thumb Code     0  da14531_symbols.txt ABSOLUTE
    csprng_seed                              0x07f20f49   Thumb Code     0  da14531_symbols.txt ABSOLUTE
    csprng_get_next_uint32                   0x07f20f79   Thumb Code     0  da14531_symbols.txt ABSOLUTE
    trng_acquire                             0x07f21021   Thumb Code     0  da14531_symbols.txt ABSOLUTE
    prf_add_profile_func                     0x07f210d1   Thumb Code     0  da14531_symbols.txt ABSOLUTE
    prf_cleanup_func                         0x07f211b1   Thumb Code     0  da14531_symbols.txt ABSOLUTE
    prf_env_get                              0x07f211f1   Thumb Code     0  da14531_symbols.txt ABSOLUTE
    prf_src_task_get                         0x07f2121d   Thumb Code     0  da14531_symbols.txt ABSOLUTE
    prf_dst_task_get                         0x07f2122d   Thumb Code     0  da14531_symbols.txt ABSOLUTE
    prf_get_id_from_task_func                0x07f21241   Thumb Code     0  da14531_symbols.txt ABSOLUTE
    prf_get_task_from_id_func                0x07f21279   Thumb Code     0  da14531_symbols.txt ABSOLUTE
    prf_reset_func                           0x07f212b1   Thumb Code     0  da14531_symbols.txt ABSOLUTE
    prf_itf_get                              0x07f212fd   Thumb Code     0  da14531_symbols.txt ABSOLUTE
    prf_pack_char_pres_fmt                   0x07f21321   Thumb Code     0  da14531_symbols.txt ABSOLUTE
    prf_pack_date_time                       0x07f2133f   Thumb Code     0  da14531_symbols.txt ABSOLUTE
    prf_unpack_date_time                     0x07f2135f   Thumb Code     0  da14531_symbols.txt ABSOLUTE
    diss_compute_cfg_flag                    0x07f21381   Thumb Code     0  da14531_symbols.txt ABSOLUTE
    diss_handle_to_value                     0x07f21453   Thumb Code     0  da14531_symbols.txt ABSOLUTE
    diss_value_to_handle                     0x07f21483   Thumb Code     0  da14531_symbols.txt ABSOLUTE
    diss_check_val_len                       0x07f214b7   Thumb Code     0  da14531_symbols.txt ABSOLUTE
    diss_prf_itf_get                         0x07f214ed   Thumb Code     0  da14531_symbols.txt ABSOLUTE
    bass_get_att_handle                      0x07f2184b   Thumb Code     0  da14531_symbols.txt ABSOLUTE
    bass_get_att_idx                         0x07f21901   Thumb Code     0  da14531_symbols.txt ABSOLUTE
    bass_exe_operation                       0x07f2196b   Thumb Code     0  da14531_symbols.txt ABSOLUTE
    bass_prf_itf_get                         0x07f21a6d   Thumb Code     0  da14531_symbols.txt ABSOLUTE
    suotar_prf_itf_get                       0x07f22059   Thumb Code     0  da14531_symbols.txt ABSOLUTE
    check_client_char_cfg                    0x07f22355   Thumb Code     0  da14531_symbols.txt ABSOLUTE
    get_value_handle                         0x07f2237f   Thumb Code     0  da14531_symbols.txt ABSOLUTE
    get_cfg_handle                           0x07f223cb   Thumb Code     0  da14531_symbols.txt ABSOLUTE
    custs1_get_att_handle                    0x07f2242d   Thumb Code     0  da14531_symbols.txt ABSOLUTE
    custs1_get_att_idx                       0x07f22449   Thumb Code     0  da14531_symbols.txt ABSOLUTE
    custs1_prf_itf_get                       0x07f22621   Thumb Code     0  da14531_symbols.txt ABSOLUTE
    custs1_init_ccc_values                   0x07f226d3   Thumb Code     0  da14531_symbols.txt ABSOLUTE
    custs1_set_ccc_value                     0x07f2270b   Thumb Code     0  da14531_symbols.txt ABSOLUTE
    gattc_cmp_evt_handler                    0x07f22823   Thumb Code     0  da14531_symbols.txt ABSOLUTE
    custs1_val_set_req_handler               0x07f22837   Thumb Code     0  da14531_symbols.txt ABSOLUTE
    custs1_val_ntf_req_handler               0x07f22857   Thumb Code     0  da14531_symbols.txt ABSOLUTE
    custs1_val_ind_req_handler               0x07f228b3   Thumb Code     0  da14531_symbols.txt ABSOLUTE
    custs1_att_info_rsp_handler              0x07f2290f   Thumb Code     0  da14531_symbols.txt ABSOLUTE
    gattc_read_req_ind_handler               0x07f2294b   Thumb Code     0  da14531_symbols.txt ABSOLUTE
    gattc_att_info_req_ind_handler           0x07f22b57   Thumb Code     0  da14531_symbols.txt ABSOLUTE
    custs1_value_req_rsp_handler             0x07f22b99   Thumb Code     0  da14531_symbols.txt ABSOLUTE
    attm_svc_create_db_128                   0x07f22c19   Thumb Code     0  da14531_symbols.txt ABSOLUTE
    gapm_adv_report_ind_handler_ROM          0x07f23085   Thumb Code     0  da14531_symbols.txt ABSOLUTE
    gapc_security_ind_handler_ROM            0x07f2309f   Thumb Code     0  da14531_symbols.txt ABSOLUTE
    gapc_set_dev_info_req_ind_handler_ROM    0x07f23185   Thumb Code     0  da14531_symbols.txt ABSOLUTE
    gapm_profile_added_ind_handler_ROM       0x07f231c7   Thumb Code     0  da14531_symbols.txt ABSOLUTE
    gapc_param_update_req_ind_handler_ROM    0x07f231f9   Thumb Code     0  da14531_symbols.txt ABSOLUTE
    gapc_le_pkt_size_ind_handler_ROM         0x07f23239   Thumb Code     0  da14531_symbols.txt ABSOLUTE
    gattc_svc_changed_cfg_ind_handler_ROM    0x07f23253   Thumb Code     0  da14531_symbols.txt ABSOLUTE
    gapc_peer_features_ind_handler_ROM       0x07f2326f   Thumb Code     0  da14531_symbols.txt ABSOLUTE
    app_entry_point_handler                  0x07f232a9   Thumb Code     0  da14531_symbols.txt ABSOLUTE
    app_std_process_event                    0x07f232f1   Thumb Code     0  da14531_symbols.txt ABSOLUTE
    app_get_address_type_ROM                 0x07f23335   Thumb Code     0  da14531_symbols.txt ABSOLUTE
    app_fill_random_byte_array_ROM           0x07f23361   Thumb Code     0  da14531_symbols.txt ABSOLUTE
    __aeabi_ldivmod                          0x07f233f3   Thumb Code     0  da14531_symbols.txt ABSOLUTE
    __aeabi_llsr                             0x07f2343f   Thumb Code     0  da14531_symbols.txt ABSOLUTE
    _ll_ushift_r                             0x07f2343f   Thumb Code     0  da14531_symbols.txt ABSOLUTE
    __aeabi_uldivmod                         0x07f23461   Thumb Code     0  da14531_symbols.txt ABSOLUTE
    app_db_init_start                        0x07f234c1   Thumb Code     0  da14531_symbols.txt ABSOLUTE
    app_db_init                              0x07f234dd   Thumb Code     0  da14531_symbols.txt ABSOLUTE
    app_easy_gap_confirm                     0x07f234e9   Thumb Code     0  da14531_symbols.txt ABSOLUTE
    append_device_name                       0x07f23515   Thumb Code     0  da14531_symbols.txt ABSOLUTE
    app_easy_gap_update_adv_data             0x07f23539   Thumb Code     0  da14531_symbols.txt ABSOLUTE
    app_easy_gap_disconnect                  0x07f23581   Thumb Code     0  da14531_symbols.txt ABSOLUTE
    app_easy_gap_advertise_stop              0x07f235bd   Thumb Code     0  da14531_symbols.txt ABSOLUTE
    active_conidx_to_conhdl                  0x07f235d9   Thumb Code     0  da14531_symbols.txt ABSOLUTE
    active_conhdl_to_conidx                  0x07f23605   Thumb Code     0  da14531_symbols.txt ABSOLUTE
    app_timer_set                            0x07f23641   Thumb Code     0  da14531_symbols.txt ABSOLUTE
    app_easy_gap_set_data_packet_length      0x07f2365d   Thumb Code     0  da14531_symbols.txt ABSOLUTE
    get_user_prf_srv_perm                    0x07f23699   Thumb Code     0  da14531_symbols.txt ABSOLUTE
    app_set_prf_srv_perm                     0x07f236c1   Thumb Code     0  da14531_symbols.txt ABSOLUTE
    prf_init_srv_perm                        0x07f236f1   Thumb Code     0  da14531_symbols.txt ABSOLUTE
    app_gattc_svc_changed_cmd_send           0x07f23715   Thumb Code     0  da14531_symbols.txt ABSOLUTE
    blank_otp_bdaddr                         0x07f239e4   Data           0  da14531_symbols.txt ABSOLUTE
    app_default_handler                      0x07f23f58   Data           0  da14531_symbols.txt ABSOLUTE
    gap_cfg_user_var_struct                  0x07f23f60   Data           0  da14531_symbols.txt ABSOLUTE
    __Vectors                                0x07fc0000   Data           4  startup_da14531.o(RESET)
    __Vectors_End                            0x07fc00a0   Data           0  startup_da14531.o(RESET)
    booter_val                               0x07fc00a0   Data           8  otp_cs.o(otp_cs_booter)
    Image$$ER_IROM3$$Base                    0x07fc0110   Number         0  anon$$obj.o ABSOLUTE
    __main                                   0x07fc0111   Thumb Code     0  entry.o(.ARM.Collect$$$$00000000)
    _main_stk                                0x07fc0111   Thumb Code     0  entry2.o(.ARM.Collect$$$$00000001)
    _main_scatterload                        0x07fc0115   Thumb Code     0  entry5.o(.ARM.Collect$$$$00000004)
    __main_after_scatterload                 0x07fc0119   Thumb Code     0  entry5.o(.ARM.Collect$$$$00000004)
    _main_clock                              0x07fc0119   Thumb Code     0  entry7b.o(.ARM.Collect$$$$00000008)
    _main_cpp_init                           0x07fc0119   Thumb Code     0  entry8b.o(.ARM.Collect$$$$0000000A)
    _main_init                               0x07fc0119   Thumb Code     0  entry9a.o(.ARM.Collect$$$$0000000B)
    __rt_lib_shutdown_fini                   0x07fc0121   Thumb Code     0  entry12b.o(.ARM.Collect$$$$0000000E)
    __rt_final_cpp                           0x07fc0125   Thumb Code     0  entry10a.o(.ARM.Collect$$$$0000000F)
    __rt_final_exit                          0x07fc0125   Thumb Code     0  entry11a.o(.ARM.Collect$$$$00000011)
    SystemInit                               0x07fc0129   Thumb Code   104  system_da14531.o(.text)
    Reset_Handler                            0x07fc01c1   Thumb Code     8  startup_da14531.o(.text)
    SVC_Handler                              0x07fc01f9   Thumb Code     2  startup_da14531.o(.text)
    PendSV_Handler                           0x07fc01fb   Thumb Code     2  startup_da14531.o(.text)
    SysTick_Handler                          0x07fc01fd   Thumb Code     2  startup_da14531.o(.text)
    BLE_RF_DIAG_Handler                      0x07fc01ff   Thumb Code     0  startup_da14531.o(.text)
    DMA_Handler                              0x07fc01ff   Thumb Code     0  startup_da14531.o(.text)
    KEYBRD_Handler                           0x07fc01ff   Thumb Code     0  startup_da14531.o(.text)
    RESERVED21_Handler                       0x07fc01ff   Thumb Code     0  startup_da14531.o(.text)
    RESERVED22_Handler                       0x07fc01ff   Thumb Code     0  startup_da14531.o(.text)
    RESERVED23_Handler                       0x07fc01ff   Thumb Code     0  startup_da14531.o(.text)
    RFCAL_Handler                            0x07fc01ff   Thumb Code     0  startup_da14531.o(.text)
    RTC_Handler                              0x07fc01ff   Thumb Code     0  startup_da14531.o(.text)
    SPI_Handler                              0x07fc01ff   Thumb Code     0  startup_da14531.o(.text)
    SWTIM1_Handler                           0x07fc01ff   Thumb Code     0  startup_da14531.o(.text)
    SWTIM_Handler                            0x07fc01ff   Thumb Code     0  startup_da14531.o(.text)
    XTAL32M_RDY_Handler                      0x07fc01ff   Thumb Code     0  startup_da14531.o(.text)
    HardFault_HandlerC                       0x07fc0211   Thumb Code   134  hardfault_handler.o(.text)
    NMI_HandlerC                             0x07fc02a9   Thumb Code   172  nmi_handler.o(.text)
    main                                     0x07fc0369   Thumb Code   170  arch_main.o(.text)
    crypto_init_func                         0x07fc0669   Thumb Code     2  jump_table.o(.text)
    ba431_get_rand_func                      0x07fc066b   Thumb Code    24  jump_table.o(.text)
    dia_rand_func                            0x07fc0683   Thumb Code     8  jump_table.o(.text)
    dia_srand_func                           0x07fc068b   Thumb Code     8  jump_table.o(.text)
    dbg_init_func_empty                      0x07fc0693   Thumb Code     2  jump_table.o(.text)
    dbg_platform_reset_complete_func_empty   0x07fc0695   Thumb Code     2  jump_table.o(.text)
    smpm_ecdh_key_create_func_empty          0x07fc0697   Thumb Code     2  jump_table.o(.text)
    platform_reset_func                      0x07fc0699   Thumb Code    28  jump_table.o(.text)
    arch_disable_sleep                       0x07fc06b9   Thumb Code    26  arch_sleep.o(.text)
    arch_set_extended_sleep                  0x07fc06d3   Thumb Code    46  arch_sleep.o(.text)
    arch_set_sleep_mode                      0x07fc0701   Thumb Code    24  arch_sleep.o(.text)
    arch_get_sleep_mode                      0x07fc0719   Thumb Code    26  arch_sleep.o(.text)
    arch_ble_ext_wakeup_get                  0x07fc0733   Thumb Code     6  arch_sleep.o(.text)
    arch_ble_force_wakeup                    0x07fc0739   Thumb Code    46  arch_sleep.o(.text)
    read_rcx_freq                            0x07fc0779   Thumb Code    80  arch_system.o(.text)
    calibrate_rcx20                          0x07fc07c9   Thumb Code    28  arch_system.o(.text)
    init_pwr_and_clk_ble                     0x07fc07e5   Thumb Code   160  arch_system.o(.text)
    lld_sleep_lpcycles_2_us_rcx_func         0x07fc0885   Thumb Code    32  arch_system.o(.text)
    lld_sleep_lpcycles_2_us_sel_func         0x07fc08a5   Thumb Code     2  arch_system.o(.text)
    lld_sleep_us_2_lpcycles_rcx_func         0x07fc08a7   Thumb Code    20  arch_system.o(.text)
    lld_sleep_us_2_lpcycles_sel_func         0x07fc08bb   Thumb Code     2  arch_system.o(.text)
    set_sleep_delay                          0x07fc08bd   Thumb Code    66  arch_system.o(.text)
    conditionally_run_radio_cals             0x07fc08ff   Thumb Code   134  arch_system.o(.text)
    app_use_lower_clocks_check               0x07fc0985   Thumb Code     4  arch_system.o(.text)
    lld_sleep_init_func                      0x07fc0989   Thumb Code    26  arch_system.o(.text)
    set_xtal32m_trim_value                   0x07fc09a3   Thumb Code    82  arch_system.o(.text)
    system_init                              0x07fc09f5   Thumb Code   594  arch_system.o(.text)
    arch_rom_init                            0x07fc0c5d   Thumb Code   212  arch_rom.o(.text)
    otp_cs_store                             0x07fc0db9   Thumb Code   512  otp_cs.o(.text)
    otp_cs_load_pd_rad                       0x07fc0fb9   Thumb Code    94  otp_cs.o(.text)
    otp_cs_load_pd_adpll                     0x07fc1017   Thumb Code    70  otp_cs.o(.text)
    otp_cs_get_adc_single_ge                 0x07fc105d   Thumb Code     8  otp_cs.o(.text)
    otp_cs_get_adc_single_offset             0x07fc1065   Thumb Code     8  otp_cs.o(.text)
    otp_cs_get_adc_diff_ge                   0x07fc106d   Thumb Code     8  otp_cs.o(.text)
    otp_cs_get_adc_diff_offset               0x07fc1075   Thumb Code     8  otp_cs.o(.text)
    otp_cs_get_adc_trim_val                  0x07fc107d   Thumb Code     6  otp_cs.o(.text)
    otp_cs_get_adc_offsh_ge                  0x07fc1083   Thumb Code     8  otp_cs.o(.text)
    otp_cs_get_adc_offsh_offset              0x07fc108b   Thumb Code     8  otp_cs.o(.text)
    otp_cs_get_adc_25_cal                    0x07fc1093   Thumb Code     6  otp_cs.o(.text)
    otp_cs_get_xtal32m_trim_value            0x07fc1099   Thumb Code     6  otp_cs.o(.text)
    otp_cs_get_xtal_wait_trim                0x07fc109f   Thumb Code     6  otp_cs.o(.text)
    otp_hdr_get_bd_address                   0x07fc10f1   Thumb Code    12  otp_hdr.o(.text)
    syscntl_use_lowest_amba_clocks           0x07fc1101   Thumb Code    22  syscntl.o(.text)
    syscntl_use_highest_amba_clocks          0x07fc1117   Thumb Code    22  syscntl.o(.text)
    syscntl_cfg_xtal32m_amp_reg              0x07fc112d   Thumb Code    18  syscntl.o(.text)
    syscntl_dcdc_get_level                   0x07fc1179   Thumb Code    20  syscntl.o(.text)
    syscntl_dcdc_set_level                   0x07fc118d   Thumb Code    36  syscntl.o(.text)
    syscntl_dcdc_turn_on_in_boost            0x07fc11b1   Thumb Code    86  syscntl.o(.text)
    GPIO_init                                0x07fc1219   Thumb Code   166  gpio.o(.text)
    GPIO_SetPinFunction                      0x07fc12bf   Thumb Code    60  gpio.o(.text)
    GPIO_SetInactive                         0x07fc12fb   Thumb Code    54  gpio.o(.text)
    GPIO_SetActive                           0x07fc1331   Thumb Code    54  gpio.o(.text)
    GPIO_ConfigurePin                        0x07fc1367   Thumb Code    78  gpio.o(.text)
    GPIO_ResetIRQ                            0x07fc13b5   Thumb Code    32  gpio.o(.text)
    GPIOn_Handler                            0x07fc13d5   Thumb Code    54  gpio.o(.text)
    GPIO0_Handler                            0x07fc140b   Thumb Code     4  gpio.o(.text)
    GPIO1_Handler                            0x07fc140f   Thumb Code     4  gpio.o(.text)
    GPIO2_Handler                            0x07fc1413   Thumb Code     4  gpio.o(.text)
    GPIO3_Handler                            0x07fc1417   Thumb Code     4  gpio.o(.text)
    GPIO4_Handler                            0x07fc141b   Thumb Code     4  gpio.o(.text)
    WKUP_QUADEC_Handler                      0x07fc1455   Thumb Code   142  wkupct_quadec.o(.text)
    adc_temp_sensor_disable                  0x07fc14f1   Thumb Code    14  adc_531.o(.text)
    adc_temp_sensor_enable                   0x07fc14ff   Thumb Code    22  adc_531.o(.text)
    adc_set_diff_input                       0x07fc1515   Thumb Code    14  adc_531.o(.text)
    adc_set_se_input                         0x07fc1523   Thumb Code    16  adc_531.o(.text)
    adc_enable                               0x07fc162f   Thumb Code    12  adc_531.o(.text)
    adc_init                                 0x07fc163b   Thumb Code    54  adc_531.o(.text)
    adc_disable                              0x07fc1671   Thumb Code    12  adc_531.o(.text)
    adc_start                                0x07fc167d   Thumb Code    12  adc_531.o(.text)
    adc_get_sample                           0x07fc1689   Thumb Code    24  adc_531.o(.text)
    adc_offset_calibrate                     0x07fc16a1   Thumb Code   276  adc_531.o(.text)
    ADC_Handler                              0x07fc17b5   Thumb Code    18  adc_531.o(.text)
    adc_correct_sample                       0x07fc17c7   Thumb Code    36  adc_531.o(.text)
    adc_get_temp                             0x07fc17eb   Thumb Code    64  adc_531.o(.text)
    I2C_Handler                              0x07fc18d1   Thumb Code    26  i2c.o(.text)
    hw_otpc_enter_mode                       0x07fc1937   Thumb Code    76  hw_otpc_531.o(.text)
    hw_otpc_is_dcdc_reserved                 0x07fc1983   Thumb Code     6  hw_otpc_531.o(.text)
    hw_otpc_clear_dcdc_reserved              0x07fc1989   Thumb Code     8  hw_otpc_531.o(.text)
    hw_otpc_set_speed                        0x07fc1991   Thumb Code    28  hw_otpc_531.o(.text)
    hw_otpc_init                             0x07fc19ad   Thumb Code    96  hw_otpc_531.o(.text)
    hw_otpc_disable                          0x07fc1a0d   Thumb Code   110  hw_otpc_531.o(.text)
    UART2_Handler                            0x07fc1ae1   Thumb Code    10  uart.o(.text)
    init_rand_seed_from_trng                 0x07fc1bf9   Thumb Code   114  trng.o(.text)
    lld_sleep_compensate_func                0x07fc1c7d   Thumb Code    82  rwble.o(.text)
    power_up                                 0x07fc1ccf   Thumb Code    70  rwble.o(.text)
    BLE_WAKEUP_LP_Handler                    0x07fc1d15   Thumb Code    58  rwble.o(.text)
    rwble_isr                                0x07fc1d4f   Thumb Code   220  rwble.o(.text)
    patched_ble_regs_push                    0x07fc1e55   Thumb Code    16  rwip.o(.text)
    patched_ble_regs_pop                     0x07fc1e65   Thumb Code    16  rwip.o(.text)
    rwip_sleep                               0x07fc1e75   Thumb Code   378  rwip.o(.text)
    rf_reg_rd                                0x07fc2035   Thumb Code     4  ble_arp.o(.text)
    rf_reg_wr                                0x07fc2039   Thumb Code     2  ble_arp.o(.text)
    rf_init_func                             0x07fc20d5   Thumb Code   158  ble_arp.o(.text)
    rf_reinit_func                           0x07fc2173   Thumb Code    88  ble_arp.o(.text)
    ble_init_arp_func                        0x07fc21cb   Thumb Code    36  ble_arp.o(.text)
    rf_recalibration                         0x07fc21ef   Thumb Code    32  ble_arp.o(.text)
    set_recommended_settings                 0x07fc2305   Thumb Code   410  rf_531.o(.text)
    dis_adpll                                0x07fc249f   Thumb Code    46  rf_531.o(.text)
    kdtc_cal_end                             0x07fc24cd   Thumb Code    74  rf_531.o(.text)
    dis_kdtc_cal                             0x07fc2517   Thumb Code    12  rf_531.o(.text)
    en_adpll_tx                              0x07fc2523   Thumb Code    58  rf_531.o(.text)
    dis_hclk                                 0x07fc255d   Thumb Code    22  rf_531.o(.text)
    en_kdtc_cal_mod0                         0x07fc2573   Thumb Code    22  rf_531.o(.text)
    kdtc_cal_init                            0x07fc2589   Thumb Code    98  rf_531.o(.text)
    kdtc_calibration                         0x07fc25eb   Thumb Code   402  rf_531.o(.text)
    rf_calibration                           0x07fc277d   Thumb Code     2  rf_531.o(.text)
    rf_power_up                              0x07fc277f   Thumb Code     2  rf_531.o(.text)
    rf_adplldig_activate                     0x07fc2781   Thumb Code    38  rf_531.o(.text)
    rf_adplldig_deactivate                   0x07fc27a7   Thumb Code    12  rf_531.o(.text)
    rf_pa_pwr_set                            0x07fc27b3   Thumb Code     6  rf_531.o(.text)
    rf_pa_pwr_get                            0x07fc27b9   Thumb Code     6  rf_531.o(.text)
    rf_nfm_is_enabled                        0x07fc27bf   Thumb Code     6  rf_531.o(.text)
    prf_init_func                            0x07fc28fd   Thumb Code    96  prf.o(.text)
    prf_create_func                          0x07fc295d   Thumb Code    54  prf.o(.text)
    default_app_on_init                      0x07fc299d   Thumb Code    18  app_default_handlers.o(.text)
    default_app_on_connection                0x07fc29af   Thumb Code    28  app_default_handlers.o(.text)
    default_app_on_set_dev_config_complete   0x07fc29cb   Thumb Code    16  app_default_handlers.o(.text)
    default_app_on_db_init_complete          0x07fc29db   Thumb Code     8  app_default_handlers.o(.text)
    default_app_on_get_dev_name              0x07fc29e3   Thumb Code    18  app_default_handlers.o(.text)
    default_app_on_get_dev_appearance        0x07fc29f5   Thumb Code     8  app_default_handlers.o(.text)
    default_app_on_get_dev_slv_pref_params   0x07fc29fd   Thumb Code    18  app_default_handlers.o(.text)
    default_app_on_set_dev_info              0x07fc2a0f   Thumb Code    46  app_default_handlers.o(.text)
    default_app_update_params_request        0x07fc2a3d   Thumb Code    12  app_default_handlers.o(.text)
    default_app_generate_static_random_addr  0x07fc2a49   Thumb Code    48  app_default_handlers.o(.text)
    app_db_init_next                         0x07fc2aa1   Thumb Code   164  app.o(.text)
    app_prf_enable                           0x07fc2b45   Thumb Code   136  app.o(.text)
    app_init                                 0x07fc2ceb   Thumb Code    72  app.o(.text)
    app_easy_gap_undirected_advertise_get_active 0x07fc2d33   Thumb Code     2  app.o(.text)
    app_easy_gap_undirected_advertise_start  0x07fc2d35   Thumb Code    26  app.o(.text)
    app_easy_gap_param_update_start          0x07fc2d4f   Thumb Code    24  app.o(.text)
    app_easy_gap_dev_configure               0x07fc2d67   Thumb Code    18  app.o(.text)
    app_gap_process_handler                  0x07fc2f89   Thumb Code    24  app_task.o(.text)
    app_dis_init                             0x07fc2fb1   Thumb Code     2  app_diss.o(.text)
    app_diss_create_db                       0x07fc2fb3   Thumb Code    54  app_diss.o(.text)
    app_diss_process_handler                 0x07fc3061   Thumb Code    24  app_diss_task.o(.text)
    app_check_BLE_active                     0x07fc30cd   Thumb Code    36  app_msg_utils.o(.text)
    app_timer_api_process_handler            0x07fc3131   Thumb Code   172  app_easy_timer.o(.text)
    app_easy_timer                           0x07fc31dd   Thumb Code    62  app_easy_timer.o(.text)
    app_easy_timer_cancel                    0x07fc321b   Thumb Code    70  app_easy_timer.o(.text)
    custs_get_func_callbacks                 0x07fc32cd   Thumb Code    34  app_customs.o(.text)
    app_custs1_create_db                     0x07fc32ef   Thumb Code    54  app_customs.o(.text)
    app_custs1_process_handler               0x07fc332d   Thumb Code    24  app_customs_task.o(.text)
    GPIO_reservations                        0x07fc3345   Thumb Code   112  user_periph_setup.o(.text)
    set_pad_functions                        0x07fc33b5   Thumb Code    54  user_periph_setup.o(.text)
    periph_init                              0x07fc33eb   Thumb Code    30  user_periph_setup.o(.text)
    app_adcval1_timer_cb_handler             0x07fc346f   Thumb Code   130  user_custs1_impl.o(.text)
    user_svc1_ctrl_wr_ind_handler            0x07fc34f1   Thumb Code    54  user_custs1_impl.o(.text)
    user_svc1_led_wr_ind_handler             0x07fc3527   Thumb Code    46  user_custs1_impl.o(.text)
    user_svc1_long_val_cfg_ind_handler       0x07fc3555   Thumb Code    70  user_custs1_impl.o(.text)
    user_svc1_long_val_wr_ind_handler        0x07fc359b   Thumb Code     2  user_custs1_impl.o(.text)
    user_svc1_adc_val_1_cfg_ind_handler      0x07fc359d   Thumb Code     2  user_custs1_impl.o(.text)
    user_svc1_button_cfg_ind_handler         0x07fc359f   Thumb Code     2  user_custs1_impl.o(.text)
    user_svc1_long_val_att_info_req_handler  0x07fc35a1   Thumb Code    48  user_custs1_impl.o(.text)
    user_svc1_rest_att_info_req_handler      0x07fc35d1   Thumb Code    50  user_custs1_impl.o(.text)
    user_svc3_read_non_db_val_handler        0x07fc3603   Thumb Code    78  user_custs1_impl.o(.text)
    user_app_init                            0x07fc36e7   Thumb Code    54  user_peripheral.o(.text)
    user_app_adv_start                       0x07fc371d   Thumb Code    36  user_peripheral.o(.text)
    user_app_connection                      0x07fc3741   Thumb Code    80  user_peripheral.o(.text)
    user_app_adv_undirect_complete           0x07fc3791   Thumb Code     8  user_peripheral.o(.text)
    user_app_disconnect                      0x07fc3799   Thumb Code    30  user_peripheral.o(.text)
    user_catch_rest_hndl                     0x07fc37b7   Thumb Code   196  user_peripheral.o(.text)
    JT_lld_test_mode_rx_func                 0x07fc3939   Thumb Code   142  patch.o(.text)
    JT_l2cc_pdu_unpack_func                  0x07fc39c7   Thumb Code   786  patch.o(.text)
    JT_l2cc_pdu_recv_ind_handler_func        0x07fc3cd9   Thumb Code    72  patch.o(.text)
    patch_func                               0x07fc3d21   Thumb Code     8  patch.o(.text)
    patch_global_vars_init                   0x07fc3d29   Thumb Code     2  patch.o(.text)
    strcat                                   0x07fc3d61   Thumb Code    24  strcat.o(.text)
    __scatterload                            0x07fc3d79   Thumb Code    28  init.o(.text)
    __scatterload_rt2                        0x07fc3d79   Thumb Code     0  init.o(.text)
    __0sprintf$5                             0x07fc3d9d   Thumb Code    36  printf5.o(i.__0sprintf$5)
    __1sprintf$5                             0x07fc3d9d   Thumb Code     0  printf5.o(i.__0sprintf$5)
    __2sprintf                               0x07fc3d9d   Thumb Code     0  printf5.o(i.__0sprintf$5)
    __ARM_common_ll_muluu                    0x07fc3dc5   Thumb Code    48  arch_system.o(i.__ARM_common_ll_muluu)
    __scatterload_copy                       0x07fc3df5   Thumb Code    14  handlers.o(i.__scatterload_copy)
    __scatterload_null                       0x07fc3e03   Thumb Code     2  handlers.o(i.__scatterload_null)
    __scatterload_zeroinit                   0x07fc3e05   Thumb Code    14  handlers.o(i.__scatterload_zeroinit)
    rom_nvds_cfg                             0x07fc4100   Data           8  nvds.o(.constdata)
    rom_func_addr_table_var                  0x07fc4108   Data         380  jump_table.o(.constdata)
    rom_cfg_table_var                        0x07fc4284   Data         236  jump_table.o(.constdata)
    my_custom_msg_handlers                   0x07fc4378   Data           8  arch_rom.o(.constdata)
    arp_init_table                           0x07fc43e8   Data         112  ble_arp.o(.constdata)
    rom_cust_prf_cfg                         0x07fc4458   Data          16  custs1.o(.constdata)
    custs1_default_state                     0x07fc4468   Data          72  custs1_task.o(.constdata)
    custs1_default_handler                   0x07fc44b0   Data           8  custs1_task.o(.constdata)
    prf_if                                   0x07fc44b8   Data          24  prf.o(.constdata)
    rom_prf_cfg                              0x07fc44d0   Data          12  prf.o(.constdata)
    prf_funcs                                0x07fc44f8   Data          24  app.o(.constdata)
    app_process_handlers                     0x07fc45f0   Data          20  app_entry_point.o(.constdata)
    rom_app_task_cfg                         0x07fc4604   Data          32  app_entry_point.o(.constdata)
    cust_prf_funcs                           0x07fc4624   Data          56  user_custs_config.o(.constdata)
    custs1_services                          0x07fc4764   Data           4  user_custs1_def.o(.constdata)
    custs1_services_size                     0x07fc4768   Data           1  user_custs1_def.o(.constdata)
    custs1_att_db                            0x07fc476c   Data         960  user_custs1_def.o(.constdata)
    Region$$Table$$Base                      0x07fc4bf4   Number         0  anon$$obj.o(Region$$Table)
    Region$$Table$$Limit                     0x07fc4c14   Number         0  anon$$obj.o(Region$$Table)
    pa_en_dcf_tx_setting                     0x07fc4c14   Data           1  rf_531.o(.data)
    otp_hdr_timestamp                        0x07fc4c18   Data           4  arch_system.o(.bss)
    twirq_set_value                          0x07fc4c1c   Data           4  arch_system.o(.bss)
    twirq_reset_value                        0x07fc4c20   Data           4  arch_system.o(.bss)
    syscntl_dcdc_state                       0x07fc4c28   Data           2  syscntl.o(.bss)
    twext_value                              0x07fc4c70   Data           4  rwip.o(.bss)
    calibration_res                          0x07fc4c78   Data          42  rf_531.o(.bss)
    __initial_sp                             0x07fc52a8   Data           0  startup_da14531.o(STACK)
    heap_mem_area_not_ret$$Base              0x07fc52a8   Number         0  jump_table.o(heap_mem_area_not_ret)
    rwip_heap_non_ret                        0x07fc52a8   Data        1036  jump_table.o(heap_mem_area_not_ret)
    Image$$RET_DATA_UNINIT$$Base             0x07fc8bc0   Number         0  anon$$obj.o ABSOLUTE
    sys_startup_flag                         0x07fc8bd0   Data           1  arch_system.o(retention_mem_area0)
    last_temp                                0x07fc8bd1   Data           1  arch_system.o(retention_mem_area0)
    rcx_cal_in_progress                      0x07fc8bd2   Data           1  arch_system.o(retention_mem_area0)
    clk_freq_trim_reg_value                  0x07fc8bd4   Data           2  arch_system.o(retention_mem_area0)
    arch_wkupct_deb_time                     0x07fc8bd6   Data           2  arch_system.o(retention_mem_area0)
    xtal_wait_trim                           0x07fc8bd8   Data           2  arch_system.o(retention_mem_area0)
    last_temp_time                           0x07fc8be0   Data           4  arch_system.o(retention_mem_area0)
    lp_clk_sel                               0x07fc8be4   Data           4  arch_system.o(retention_mem_area0)
    rcx_freq                                 0x07fc8be8   Data           4  arch_system.o(retention_mem_area0)
    rcx_period                               0x07fc8bec   Data           4  arch_system.o(retention_mem_area0)
    dev_bdaddr                               0x07fc8bf0   Data           6  arch_system.o(retention_mem_area0)
    rcx_slot_duration                        0x07fc8bf8   Data           8  arch_system.o(retention_mem_area0)
    heap_log                                 0x07fc8c00   Data           2  arch_rom.o(retention_mem_area0)
    GPIO_status                              0x07fc8c60   Data           8  gpio.o(retention_mem_area0)
    GPIO                                     0x07fc8c68   Data          48  gpio.o(retention_mem_area0)
    GPIOHandlerFunction                      0x07fc8c98   Data          20  gpio.o(retention_mem_area0)
    arch_rwble_last_event                    0x07fc8d00   Data           1  rwble.o(retention_mem_area0)
    ble_finetim_corr                         0x07fc8d04   Data           4  rwble.o(retention_mem_area0)
    sleep_lp_cycles                          0x07fc8d08   Data           4  rwip.o(retention_mem_area0)
    retained_BLE_EM_BASE_REG                 0x07fc8d0c   Data           4  rwip.o(retention_mem_area0)
    slp_period_retained                      0x07fc8d10   Data           4  rwip.o(retention_mem_area0)
    prf_env                                  0x07fc8d1c   Data          48  prf.o(retention_mem_area0)
    app_env                                  0x07fc8d64   Data          12  app.o(retention_mem_area0)
    device_info                              0x07fc8d70   Data          36  app.o(retention_mem_area0)
    app_prf_srv_perm                         0x07fc8d94   Data          20  app.o(retention_mem_area0)
    app_state                                0x07fc8da8   Data           1  app_task.o(retention_mem_area0)
    timer_used                               0x07fc8dfc   Data           2  user_custs1_impl.o(retention_mem_area0)
    indication_counter                       0x07fc8dfe   Data           2  user_custs1_impl.o(retention_mem_area0)
    non_db_val_counter                       0x07fc8e00   Data           2  user_custs1_impl.o(retention_mem_area0)
    app_connection_idx                       0x07fc8e02   Data           1  user_peripheral.o(retention_mem_area0)
    app_adv_data_update_timer_used           0x07fc8e03   Data           1  user_peripheral.o(retention_mem_area0)
    app_param_update_request_timer_used      0x07fc8e04   Data           1  user_peripheral.o(retention_mem_area0)
    mnf_data_index                           0x07fc8e05   Data           1  user_peripheral.o(retention_mem_area0)
    stored_adv_data_len                      0x07fc8e06   Data           1  user_peripheral.o(retention_mem_area0)
    stored_scan_rsp_data_len                 0x07fc8e07   Data           1  user_peripheral.o(retention_mem_area0)
    mnf_data                                 0x07fc8e08   Data           6  user_peripheral.o(retention_mem_area0)
    stored_adv_data                          0x07fc8e0e   Data          31  user_peripheral.o(retention_mem_area0)
    stored_scan_rsp_data                     0x07fc8e2d   Data          31  user_peripheral.o(retention_mem_area0)
    heap_db_area$$Base                       0x07fc8e4c   Number         0  jump_table.o(heap_db_area)
    rwip_heap_db_ret                         0x07fc8e4c   Data        1036  jump_table.o(heap_db_area)
    rwip_heap_env_ret                        0x07fc9258   Data         696  jump_table.o(heap_env_area)
    rwip_heap_msg_ret                        0x07fc9510   Data        1404  jump_table.o(heap_msg_area)
    dummy                                    0x07fc9c00   Data           0  da14531_symbols.txt ABSOLUTE
    trng_state_val                           0x07fcb89c   Data           4  trng.o(trng_state)
    ble_wakeup_executed                      0x07fcb900   Data           0  da14531_symbols.txt ABSOLUTE
    rf_in_sleep                              0x07fcb901   Data           0  da14531_symbols.txt ABSOLUTE
    custom_preinit                           0x07fcb904   Data           0  da14531_symbols.txt ABSOLUTE
    custom_postinit                          0x07fcb908   Data           0  da14531_symbols.txt ABSOLUTE
    custom_appinit                           0x07fcb90c   Data           0  da14531_symbols.txt ABSOLUTE
    custom_preloop                           0x07fcb910   Data           0  da14531_symbols.txt ABSOLUTE
    custom_preschedule                       0x07fcb914   Data           0  da14531_symbols.txt ABSOLUTE
    custom_postschedule                      0x07fcb918   Data           0  da14531_symbols.txt ABSOLUTE
    custom_postschedule_async                0x07fcb91c   Data           0  da14531_symbols.txt ABSOLUTE
    custom_presleepcheck                     0x07fcb920   Data           0  da14531_symbols.txt ABSOLUTE
    custom_appsleepset                       0x07fcb924   Data           0  da14531_symbols.txt ABSOLUTE
    custom_postsleepcheck                    0x07fcb928   Data           0  da14531_symbols.txt ABSOLUTE
    custom_presleepenter                     0x07fcb92c   Data           0  da14531_symbols.txt ABSOLUTE
    custom_postsleepexit                     0x07fcb930   Data           0  da14531_symbols.txt ABSOLUTE
    custom_prewakeup                         0x07fcb934   Data           0  da14531_symbols.txt ABSOLUTE
    custom_postwakeup                        0x07fcb938   Data           0  da14531_symbols.txt ABSOLUTE
    custom_preidlecheck                      0x07fcb93c   Data           0  da14531_symbols.txt ABSOLUTE
    custom_pti_set                           0x07fcb940   Data           0  da14531_symbols.txt ABSOLUTE
    REG_BLE_EM_TX_BUFFER_SIZE                0x07fcb944   Data           0  da14531_symbols.txt ABSOLUTE
    REG_BLE_EM_RX_BUFFER_SIZE                0x07fcb948   Data           0  da14531_symbols.txt ABSOLUTE
    _ble_base                                0x07fcb94c   Data           0  da14531_symbols.txt ABSOLUTE
    gap_cfg_user                             0x07fcb950   Data           0  da14531_symbols.txt ABSOLUTE
    rom_func_addr_table                      0x07fcb954   Data           0  da14531_symbols.txt ABSOLUTE
    rom_cfg_table                            0x07fcb958   Data           0  da14531_symbols.txt ABSOLUTE
    BLE_TX_DESC_DATA_USER                    0x07fcb95c   Data           0  da14531_symbols.txt ABSOLUTE
    BLE_TX_DESC_CNTL_USER                    0x07fcb960   Data           0  da14531_symbols.txt ABSOLUTE
    LLM_LE_ADV_DUMMY_IDX                     0x07fcb964   Data           0  da14531_symbols.txt ABSOLUTE
    LLM_LE_SCAN_CON_REQ_ADV_DIR_IDX          0x07fcb968   Data           0  da14531_symbols.txt ABSOLUTE
    LLM_LE_SCAN_RSP_IDX                      0x07fcb96c   Data           0  da14531_symbols.txt ABSOLUTE
    LLM_LE_ADV_IDX                           0x07fcb970   Data           0  da14531_symbols.txt ABSOLUTE
    length_exchange_needed                   0x07fcb974   Data           0  da14531_symbols.txt ABSOLUTE
    enh_con_cmp_cnt                          0x07fcb978   Data           0  da14531_symbols.txt ABSOLUTE
    rx_pkt_cnt                               0x07fcb980   Data           0  da14531_symbols.txt ABSOLUTE
    rx_pkt_cnt_bad                           0x07fcb984   Data           0  da14531_symbols.txt ABSOLUTE
    rx_pkt_cnt_bad_adv                       0x07fcb988   Data           0  da14531_symbols.txt ABSOLUTE
    rx_pkt_cnt_bad_scn                       0x07fcb98c   Data           0  da14531_symbols.txt ABSOLUTE
    rx_pkt_cnt_bad_oth                       0x07fcb990   Data           0  da14531_symbols.txt ABSOLUTE
    rx_pkt_cnt_bad_wo_sync_err               0x07fcb994   Data           0  da14531_symbols.txt ABSOLUTE
    rx_pkt_cnt_bad_con                       0x07fcb998   Data           0  da14531_symbols.txt ABSOLUTE
    connect_req_cnt                          0x07fcb99c   Data           0  da14531_symbols.txt ABSOLUTE
    last_status                              0x07fcb9a0   Data           0  da14531_symbols.txt ABSOLUTE
    llc_state                                0x07fcb9a4   Data           0  da14531_symbols.txt ABSOLUTE
    lld_sleep_env                            0x07fcb9a8   Data           0  da14531_symbols.txt ABSOLUTE
    lld_wlcoex_enable                        0x07fcb9ac   Data           0  da14531_symbols.txt ABSOLUTE
    ble_duplicate_filter_max                 0x07fcb9b0   Data           0  da14531_symbols.txt ABSOLUTE
    ble_duplicate_filter_found               0x07fcb9b1   Data           0  da14531_symbols.txt ABSOLUTE
    alter_conn_adv_all_cnt                   0x07fcb9b4   Data           0  da14531_symbols.txt ABSOLUTE
    alter_conn_adv_dir_cnt                   0x07fcb9b8   Data           0  da14531_symbols.txt ABSOLUTE
    alter_conn_adv_cnt                       0x07fcb9bc   Data           0  da14531_symbols.txt ABSOLUTE
    create_conn_cnt                          0x07fcb9c0   Data           0  da14531_symbols.txt ABSOLUTE
    alter_conn_cnt                           0x07fcb9c4   Data           0  da14531_symbols.txt ABSOLUTE
    alter_conn_restart_cnt                   0x07fcb9c8   Data           0  da14531_symbols.txt ABSOLUTE
    alter_conn_peer_addr                     0x07fcb9cc   Data           0  da14531_symbols.txt ABSOLUTE
    alter_conn_local_addr                    0x07fcb9d2   Data           0  da14531_symbols.txt ABSOLUTE
    set_adv_data_discard_old                 0x07fcb9d8   Data           0  da14531_symbols.txt ABSOLUTE
    llm_resolving_list_max                   0x07fcb9d9   Data           0  da14531_symbols.txt ABSOLUTE
    llm_local_le_feats                       0x07fcb9da   Data           0  da14531_symbols.txt ABSOLUTE
    llm_bt_env                               0x07fcb9e2   Data           0  da14531_symbols.txt ABSOLUTE
    init_tx_cnt_cntl_cnt1                    0x07fcb9ec   Data           0  da14531_symbols.txt ABSOLUTE
    init_tx_cnt_cntl_cnt                     0x07fcb9f0   Data           0  da14531_symbols.txt ABSOLUTE
    tx_cnt_cntl_cnt                          0x07fcb9f4   Data           0  da14531_symbols.txt ABSOLUTE
    llm_state                                0x07fcb9f8   Data           0  da14531_symbols.txt ABSOLUTE
    delay_us_cnt                             0x07fcb9fa   Data           0  da14531_symbols.txt ABSOLUTE
    gtl_state                                0x07fcb9fc   Data           0  da14531_symbols.txt ABSOLUTE
    use_h4tl                                 0x07fcb9fd   Data           0  da14531_symbols.txt ABSOLUTE
    hci_cmd_desc_root_tab                    0x07fcba00   Data           0  da14531_symbols.txt ABSOLUTE
    gattc_state                              0x07fcba30   Data           0  da14531_symbols.txt ABSOLUTE
    gattm_state                              0x07fcba33   Data           0  da14531_symbols.txt ABSOLUTE
    l2cc_state                               0x07fcba34   Data           0  da14531_symbols.txt ABSOLUTE
    l2cm_env                                 0x07fcba38   Data           0  da14531_symbols.txt ABSOLUTE
    gapc_state                               0x07fcba3e   Data           0  da14531_symbols.txt ABSOLUTE
    gapm_state                               0x07fcba41   Data           0  da14531_symbols.txt ABSOLUTE
    whitelist_fix                            0x07fcba42   Data           0  da14531_symbols.txt ABSOLUTE
    ecdh_key_creation_in_progress            0x07fcba44   Data           0  da14531_symbols.txt ABSOLUTE
    ke_free_bad                              0x07fcba48   Data           0  da14531_symbols.txt ABSOLUTE
    DISABLE_KE_TASK_ALTERNATIVE_SAVED_QUEUE  0x07fcba4c   Data           0  da14531_symbols.txt ABSOLUTE
    rwip_env                                 0x07fcba54   Data           0  da14531_symbols.txt ABSOLUTE
    _rand_state_ROM_DATA                     0x07fcba5c   Data           0  da14531_symbols.txt ABSOLUTE
    custom_msg_handlers                      0x07fcba60   Data           0  da14531_symbols.txt ABSOLUTE
    ble_reg_save                             0x07fcba64   Data           0  da14531_symbols.txt ABSOLUTE
    sleep_env                                0x07fcbab4   Data           0  da14531_symbols.txt ABSOLUTE
    uart_env                                 0x07fcbab8   Data           0  da14531_symbols.txt ABSOLUTE
    ke_mem_heaps_used                        0x07fcbadc   Data           0  da14531_symbols.txt ABSOLUTE
    co_buf_env                               0x07fcbae0   Data           0  da14531_symbols.txt ABSOLUTE
    llc_env                                  0x07fcbb78   Data           0  da14531_symbols.txt ABSOLUTE
    lld_evt_env                              0x07fcbb84   Data           0  da14531_symbols.txt ABSOLUTE
    llm_le_env                               0x07fcbbb0   Data           0  da14531_symbols.txt ABSOLUTE
    llm_local_cmds                           0x07fcbcb0   Data           0  da14531_symbols.txt ABSOLUTE
    gtl_env                                  0x07fcbd30   Data           0  da14531_symbols.txt ABSOLUTE
    hci_env                                  0x07fcbd78   Data           0  da14531_symbols.txt ABSOLUTE
    h4tl_env                                 0x07fcbd88   Data           0  da14531_symbols.txt ABSOLUTE
    gattc_env                                0x07fcbda0   Data           0  da14531_symbols.txt ABSOLUTE
    gattm_env                                0x07fcbdac   Data           0  da14531_symbols.txt ABSOLUTE
    l2cc_env                                 0x07fcbdd0   Data           0  da14531_symbols.txt ABSOLUTE
    ecdh_key                                 0x07fcbddc   Data           0  da14531_symbols.txt ABSOLUTE
    gapc_env                                 0x07fcbe3c   Data           0  da14531_symbols.txt ABSOLUTE
    gapm_env                                 0x07fcbe48   Data           0  da14531_symbols.txt ABSOLUTE
    ke_env                                   0x07fcbe74   Data           0  da14531_symbols.txt ABSOLUTE
    rwip_rf                                  0x07fcbf58   Data           0  da14531_symbols.txt ABSOLUTE



==============================================================================

Memory Map of the image

  Image Entry point : 0x07fc0111

  Load Region LR_IROM1 (Base: 0x07fc0000, Size: 0x000000a8, Max: 0x000000c0, ABSOLUTE)

    Execution Region ER_IROM1 (Exec base: 0x07fc0000, Load base: 0x07fc0000, Size: 0x000000a8, Max: 0x000000c0, ABSOLUTE)

    Exec Addr    Load Addr    Size         Type   Attr      Idx    E Section Name        Object

    0x07fc0000   0x07fc0000   0x000000a0   Data   RO          277    RESET               startup_da14531.o
    0x07fc00a0   0x07fc00a0   0x00000008   Data   RW          885    otp_cs_booter       otp_cs.o



  Load Region LR_IROM2 (Base: 0x07fc00c0, Size: 0x00000000, Max: 0x00000050, ABSOLUTE)

    Execution Region ER_IROM2 (Exec base: 0x07fc00c0, Load base: 0x07fc00c0, Size: 0x00000050, Max: 0x00000050, ABSOLUTE)

    Exec Addr    Load Addr    Size         Type   Attr      Idx    E Section Name        Object

    0x07fc00c0        -       0x00000050   Zero   RW            1    ER_IROM2.bss        anon$$obj.o



  Load Region LR_IROM3 (Base: 0x07fc0110, Size: 0x00004b08, Max: 0x00008ab0, ABSOLUTE)

    Execution Region ER_IROM3 (Exec base: 0x07fc0110, Load base: 0x07fc0110, Size: 0x00004b08, Max: 0x00008ab0, ABSOLUTE)

    Exec Addr    Load Addr    Size         Type   Attr      Idx    E Section Name        Object

    0x07fc0110   0x07fc0110   0x00000000   Code   RO         3096  * .ARM.Collect$$$$00000000  mc_p.l(entry.o)
    0x07fc0110   0x07fc0110   0x00000004   Code   RO         3360    .ARM.Collect$$$$00000001  mc_p.l(entry2.o)
    0x07fc0114   0x07fc0114   0x00000004   Code   RO         3363    .ARM.Collect$$$$00000004  mc_p.l(entry5.o)
    0x07fc0118   0x07fc0118   0x00000000   Code   RO         3365    .ARM.Collect$$$$00000008  mc_p.l(entry7b.o)
    0x07fc0118   0x07fc0118   0x00000000   Code   RO         3367    .ARM.Collect$$$$0000000A  mc_p.l(entry8b.o)
    0x07fc0118   0x07fc0118   0x00000008   Code   RO         3368    .ARM.Collect$$$$0000000B  mc_p.l(entry9a.o)
    0x07fc0120   0x07fc0120   0x00000004   Code   RO         3375    .ARM.Collect$$$$0000000E  mc_p.l(entry12b.o)
    0x07fc0124   0x07fc0124   0x00000000   Code   RO         3370    .ARM.Collect$$$$0000000F  mc_p.l(entry10a.o)
    0x07fc0124   0x07fc0124   0x00000000   Code   RO         3372    .ARM.Collect$$$$00000011  mc_p.l(entry11a.o)
    0x07fc0124   0x07fc0124   0x00000004   Code   RO         3361    .ARM.Collect$$$$00002712  mc_p.l(entry2.o)
    0x07fc0128   0x07fc0128   0x00000098   Code   RO            3    .text               system_da14531.o
    0x07fc01c0   0x07fc01c0   0x00000050   Code   RO          278    .text               startup_da14531.o
    0x07fc0210   0x07fc0210   0x00000098   Code   RO          283    .text               hardfault_handler.o
    0x07fc02a8   0x07fc02a8   0x000000c0   Code   RO          332    .text               nmi_handler.o
    0x07fc0368   0x07fc0368   0x00000300   Code   RO          373    .text               arch_main.o
    0x07fc0668   0x07fc0668   0x00000050   Code   RO          551    .text               jump_table.o
    0x07fc06b8   0x07fc06b8   0x000000c0   Code   RO          625    .text               arch_sleep.o
    0x07fc0778   0x07fc0778   0x000004e4   Code   RO          676    .text               arch_system.o
    0x07fc0c5c   0x07fc0c5c   0x0000015c   Code   RO          843    .text               arch_rom.o
    0x07fc0db8   0x07fc0db8   0x00000338   Code   RO          882    .text               otp_cs.o
    0x07fc10f0   0x07fc10f0   0x00000010   Code   RO          910    .text               otp_hdr.o
    0x07fc1100   0x07fc1100   0x00000118   Code   RO          925    .text               syscntl.o
    0x07fc1218   0x07fc1218   0x0000023c   Code   RO          968    .text               gpio.o
    0x07fc1454   0x07fc1454   0x0000009c   Code   RO         1071    .text               wkupct_quadec.o
    0x07fc14f0   0x07fc14f0   0x000003e0   Code   RO         1204    .text               adc_531.o
    0x07fc18d0   0x07fc18d0   0x00000038   Code   RO         1667    .text               i2c.o
    0x07fc1908   0x07fc1908   0x00000190   Code   RO         1872    .text               hw_otpc_531.o
    0x07fc1a98   0x07fc1a98   0x00000160   Code   RO         1930    .text               uart.o
    0x07fc1bf8   0x07fc1bf8   0x00000084   Code   RO         2057    .text               trng.o
    0x07fc1c7c   0x07fc1c7c   0x000001d8   Code   RO         2083    .text               rwble.o
    0x07fc1e54   0x07fc1e54   0x000001e0   Code   RO         2135    .text               rwip.o
    0x07fc2034   0x07fc2034   0x000002d0   Code   RO         2163    .text               ble_arp.o
    0x07fc2304   0x07fc2304   0x000004cc   Code   RO         2191    .text               rf_531.o
    0x07fc27d0   0x07fc27d0   0x0000012c   Code   RO         2345    .text               custs1_task.o
    0x07fc28fc   0x07fc28fc   0x000000a0   Code   RO         2369    .text               prf.o
    0x07fc299c   0x07fc299c   0x000000e4   Code   RO         2397    .text               app_default_handlers.o
    0x07fc2a80   0x07fc2a80   0x0000033c   Code   RO         2449    .text               app.o
    0x07fc2dbc   0x07fc2dbc   0x000001f4   Code   RO         2595    .text               app_task.o
    0x07fc2fb0   0x07fc2fb0   0x0000003c   Code   RO         2679    .text               app_diss.o
    0x07fc2fec   0x07fc2fec   0x000000e0   Code   RO         2691    .text               app_diss_task.o
    0x07fc30cc   0x07fc30cc   0x00000028   Code   RO         2749    .text               app_msg_utils.o
    0x07fc30f4   0x07fc30f4   0x00000002   Code   RO         2827    .text               app_easy_timer.o
    0x07fc30f6   0x07fc30f6   0x00000002   Code   RO         2828    .text               app_easy_timer.o
    0x07fc30f8   0x07fc30f8   0x000001d4   Code   RO         2829    .text               app_easy_timer.o
    0x07fc32cc   0x07fc32cc   0x00000060   Code   RO         2863    .text               app_customs.o
    0x07fc332c   0x07fc332c   0x00000018   Code   RO         2885    .text               app_customs_task.o
    0x07fc3344   0x07fc3344   0x000000d0   Code   RO         2994    .text               user_periph_setup.o
    0x07fc3414   0x07fc3414   0x00000258   Code   RO         3013    .text               user_custs1_impl.o
    0x07fc366c   0x07fc366c   0x000002cc   Code   RO         3074    .text               user_peripheral.o
    0x07fc3938   0x07fc3938   0x00000428   Code   RO         3094    .text               da14531.lib(patch.o)
    0x07fc3d60   0x07fc3d60   0x00000018   Code   RO         3097    .text               mc_p.l(strcat.o)
    0x07fc3d78   0x07fc3d78   0x00000024   Code   RO         3390    .text               mc_p.l(init.o)
    0x07fc3d9c   0x07fc3d9c   0x00000028   Code   RO         3234    i.__0sprintf$5      mc_p.l(printf5.o)
    0x07fc3dc4   0x07fc3dc4   0x00000030   Code   RO          717    i.__ARM_common_ll_muluu  arch_system.o
    0x07fc3df4   0x07fc3df4   0x0000000e   Code   RO         3402    i.__scatterload_copy  mc_p.l(handlers.o)
    0x07fc3e02   0x07fc3e02   0x00000002   Code   RO         3403    i.__scatterload_null  mc_p.l(handlers.o)
    0x07fc3e04   0x07fc3e04   0x0000000e   Code   RO         3404    i.__scatterload_zeroinit  mc_p.l(handlers.o)
    0x07fc3e12   0x07fc3e12   0x00000002   PAD
    0x07fc3e14   0x07fc3e14   0x000002d4   Code   RO         3239    i._printf_core      mc_p.l(printf5.o)
    0x07fc40e8   0x07fc40e8   0x0000000a   Code   RO         3241    i._sputc            mc_p.l(printf5.o)
    0x07fc40f2   0x07fc40f2   0x0000000e   Data   RO          350    .constdata          nvds.o
    0x07fc4100   0x07fc4100   0x00000008   Data   RO          351    .constdata          nvds.o
    0x07fc4108   0x07fc4108   0x0000017c   Data   RO          552    .constdata          jump_table.o
    0x07fc4284   0x07fc4284   0x000000ec   Data   RO          553    .constdata          jump_table.o
    0x07fc4370   0x07fc4370   0x00000008   Data   RO          682    .constdata          arch_system.o
    0x07fc4378   0x07fc4378   0x00000050   Data   RO          844    .constdata          arch_rom.o
    0x07fc43c8   0x07fc43c8   0x00000002   Data   RO          981    .constdata          gpio.o
    0x07fc43ca   0x07fc43ca   0x00000002   PAD
    0x07fc43cc   0x07fc43cc   0x0000001c   Data   RO         1879    .constdata          hw_otpc_531.o
    0x07fc43e8   0x07fc43e8   0x00000070   Data   RO         2165    .constdata          ble_arp.o
    0x07fc4458   0x07fc4458   0x00000010   Data   RO         2329    .constdata          custs1.o
    0x07fc4468   0x07fc4468   0x00000048   Data   RO         2346    .constdata          custs1_task.o
    0x07fc44b0   0x07fc44b0   0x00000008   Data   RO         2347    .constdata          custs1_task.o
    0x07fc44b8   0x07fc44b8   0x00000018   Data   RO         2370    .constdata          prf.o
    0x07fc44d0   0x07fc44d0   0x0000000c   Data   RO         2371    .constdata          prf.o
    0x07fc44dc   0x07fc44dc   0x00000050   Data   RO         2466    .constdata          app.o
    0x07fc452c   0x07fc452c   0x00000068   Data   RO         2597    .constdata          app_task.o
    0x07fc4594   0x07fc4594   0x00000008   Data   RO         2692    .constdata          app_diss_task.o
    0x07fc459c   0x07fc459c   0x00000054   Data   RO         2720    .constdata          app_entry_point.o
    0x07fc45f0   0x07fc45f0   0x00000014   Data   RO         2721    .constdata          app_entry_point.o
    0x07fc4604   0x07fc4604   0x00000020   Data   RO         2722    .constdata          app_entry_point.o
    0x07fc4624   0x07fc4624   0x00000038   Data   RO         2948    .constdata          user_custs_config.o
    0x07fc465c   0x07fc465c   0x00000010   Data   RO         2961    .constdata          user_custs1_def.o
    0x07fc466c   0x07fc466c   0x00000010   Data   RO         2962    .constdata          user_custs1_def.o
    0x07fc467c   0x07fc467c   0x00000010   Data   RO         2963    .constdata          user_custs1_def.o
    0x07fc468c   0x07fc468c   0x00000010   Data   RO         2964    .constdata          user_custs1_def.o
    0x07fc469c   0x07fc469c   0x00000010   Data   RO         2965    .constdata          user_custs1_def.o
    0x07fc46ac   0x07fc46ac   0x00000010   Data   RO         2966    .constdata          user_custs1_def.o
    0x07fc46bc   0x07fc46bc   0x00000010   Data   RO         2967    .constdata          user_custs1_def.o
    0x07fc46cc   0x07fc46cc   0x00000010   Data   RO         2968    .constdata          user_custs1_def.o
    0x07fc46dc   0x07fc46dc   0x00000010   Data   RO         2969    .constdata          user_custs1_def.o
    0x07fc46ec   0x07fc46ec   0x00000010   Data   RO         2970    .constdata          user_custs1_def.o
    0x07fc46fc   0x07fc46fc   0x00000010   Data   RO         2971    .constdata          user_custs1_def.o
    0x07fc470c   0x07fc470c   0x00000010   Data   RO         2972    .constdata          user_custs1_def.o
    0x07fc471c   0x07fc471c   0x00000010   Data   RO         2973    .constdata          user_custs1_def.o
    0x07fc472c   0x07fc472c   0x00000010   Data   RO         2974    .constdata          user_custs1_def.o
    0x07fc473c   0x07fc473c   0x00000010   Data   RO         2975    .constdata          user_custs1_def.o
    0x07fc474c   0x07fc474c   0x00000010   Data   RO         2976    .constdata          user_custs1_def.o
    0x07fc475c   0x07fc475c   0x00000002   Data   RO         2977    .constdata          user_custs1_def.o
    0x07fc475e   0x07fc475e   0x00000002   Data   RO         2978    .constdata          user_custs1_def.o
    0x07fc4760   0x07fc4760   0x00000002   Data   RO         2979    .constdata          user_custs1_def.o
    0x07fc4762   0x07fc4762   0x00000002   Data   RO         2980    .constdata          user_custs1_def.o
    0x07fc4764   0x07fc4764   0x00000004   Data   RO         2981    .constdata          user_custs1_def.o
    0x07fc4768   0x07fc4768   0x00000001   Data   RO         2982    .constdata          user_custs1_def.o
    0x07fc4769   0x07fc4769   0x00000003   PAD
    0x07fc476c   0x07fc476c   0x000003c0   Data   RO         2984    .constdata          user_custs1_def.o
    0x07fc4b2c   0x07fc4b2c   0x00000008   Data   RO         3019    .constdata          user_custs1_impl.o
    0x07fc4b34   0x07fc4b34   0x000000be   Data   RO         2985    .conststring        user_custs1_def.o
    0x07fc4bf2   0x07fc4bf2   0x00000002   PAD
    0x07fc4bf4   0x07fc4bf4   0x00000020   Data   RO         3400    Region$$Table       anon$$obj.o
    0x07fc4c14   0x07fc4c14   0x00000001   Data   RW         2206    .data               rf_531.o


    Execution Region ER_PRODTEST (Exec base: 0x07fc4c18, Load base: 0x07fc4c18, Size: 0x00000000, Max: 0xffffffff, ABSOLUTE, UNINIT)

    **** No section assigned to this execution region ****


    Execution Region ER_ZI (Exec base: 0x07fc4c18, Load base: 0x07fc4c18, Size: 0x00000690, Max: 0xffffffff, ABSOLUTE)

    Exec Addr    Load Addr    Size         Type   Attr      Idx    E Section Name        Object

    0x07fc4c18        -       0x0000000c   Zero   RW          680    .bss                arch_system.o
    0x07fc4c24        -       0x00000004   Zero   RW          884    .bss                otp_cs.o
    0x07fc4c28        -       0x00000002   Zero   RW          930    .bss                syscntl.o
    0x07fc4c2a        -       0x00000002   Zero   RW         1212    .bss                adc_531.o
    0x07fc4c2c        -       0x00000030   Zero   RW         1668    .bss                i2c.o
    0x07fc4c5c        -       0x00000014   Zero   RW         2058    .bss                trng.o
    0x07fc4c70        -       0x00000004   Zero   RW         2136    .bss                rwip.o
    0x07fc4c74        -       0x0000002e   Zero   RW         2205    .bss                rf_531.o
    0x07fc4ca2   0x07fc4c18   0x00000006   PAD
    0x07fc4ca8        -       0x00000600   Zero   RW          275    STACK               startup_da14531.o


    Execution Region ER_NZI (Exec base: 0x07fc52a8, Load base: 0x07fc4c18, Size: 0x0000040c, Max: 0xffffffff, ABSOLUTE, UNINIT)

    Exec Addr    Load Addr    Size         Type   Attr      Idx    E Section Name        Object

    0x07fc52a8        -       0x0000040c   Zero   RW          556    heap_mem_area_not_ret  jump_table.o


    Execution Region ER_STATEFUL_HIBERNATION (Exec base: 0x07fc56b4, Load base: 0x07fc4c18, Size: 0x00000000, Max: 0xffffffff, ABSOLUTE, UNINIT)

    **** No section assigned to this execution region ****



  Load Region LR_RETAINED_RAM0 (Base: 0x07fc8bc0, Size: 0x00000000, Max: 0x00001440, ABSOLUTE)

    Execution Region RET_DATA_UNINIT (Exec base: 0x07fc8bc0, Load base: 0x07fc8bc0, Size: 0x00000000, Max: 0x00000000, ABSOLUTE, UNINIT)

    **** No section assigned to this execution region ****


    Execution Region RET_DATA (Exec base: 0x07fc8bc0, Load base: 0x07fc8bc0, Size: 0x0000028c, Max: 0x00000800, ABSOLUTE)

    Exec Addr    Load Addr    Size         Type   Attr      Idx    E Section Name        Object

    0x07fc8bc0        -       0x00000008   Zero   RW          375    retention_mem_area0  arch_main.o
    0x07fc8bc8        -       0x00000004   Zero   RW          632    retention_mem_area0  arch_sleep.o
    0x07fc8bcc   0x07fc8bc0   0x00000004   PAD
    0x07fc8bd0        -       0x00000030   Zero   RW          684    retention_mem_area0  arch_system.o
    0x07fc8c00        -       0x00000002   Zero   RW          845    retention_mem_area0  arch_rom.o
    0x07fc8c02   0x07fc8bc0   0x00000002   PAD
    0x07fc8c04        -       0x0000005c   Zero   RW          886    retention_mem_area0  otp_cs.o
    0x07fc8c60        -       0x0000004c   Zero   RW          982    retention_mem_area0  gpio.o
    0x07fc8cac        -       0x0000000c   Zero   RW         1085    retention_mem_area0  wkupct_quadec.o
    0x07fc8cb8        -       0x00000004   Zero   RW         1213    retention_mem_area0  adc_531.o
    0x07fc8cbc        -       0x00000001   Zero   RW         1880    retention_mem_area0  hw_otpc_531.o
    0x07fc8cbd   0x07fc8bc0   0x00000003   PAD
    0x07fc8cc0        -       0x00000040   Zero   RW         1949    retention_mem_area0  uart.o
    0x07fc8d00        -       0x00000008   Zero   RW         2084    retention_mem_area0  rwble.o
    0x07fc8d08        -       0x00000008   Zero   RW         2137    retention_mem_area0  rwip.o
    0x07fc8d10        -       0x00000004   Zero   RW         2138    retention_mem_area0  rwip.o
    0x07fc8d14        -       0x00000008   Zero   RW         2207    retention_mem_area0  rf_531.o
    0x07fc8d1c        -       0x00000030   Zero   RW         2372    retention_mem_area0  prf.o
    0x07fc8d4c        -       0x00000048   Zero   RW         2470    retention_mem_area0  app.o
    0x07fc8d94        -       0x00000014   Zero   RW         2471    retention_mem_area0  app.o
    0x07fc8da8        -       0x00000001   Zero   RW         2598    retention_mem_area0  app_task.o
    0x07fc8da9   0x07fc8bc0   0x00000003   PAD
    0x07fc8dac        -       0x00000050   Zero   RW         2832    retention_mem_area0  app_easy_timer.o
    0x07fc8dfc        -       0x00000006   Zero   RW         3020    retention_mem_area0  user_custs1_impl.o
    0x07fc8e02        -       0x0000004a   Zero   RW         3076    retention_mem_area0  user_peripheral.o


    Execution Region RET_HEAP (Exec base: 0x07fc8e4c, Load base: 0x07fc8bc0, Size: 0x00000c40, Max: 0x00000c40, ABSOLUTE, UNINIT)

    Exec Addr    Load Addr    Size         Type   Attr      Idx    E Section Name        Object

    0x07fc8e4c        -       0x0000040c   Zero   RW          554    heap_db_area        jump_table.o
    0x07fc9258        -       0x000002b8   Zero   RW          555    heap_env_area       jump_table.o
    0x07fc9510        -       0x0000057c   Zero   RW          557    heap_msg_area       jump_table.o



  Load Region LR_FREE_AREA (Base: 0x07fcb4ac, Size: 0x00000000, Max: 0x000003f0, ABSOLUTE)

    Execution Region ER_FREE_AREA (Exec base: 0x07fcb4ac, Load base: 0x07fcb4ac, Size: 0x00000000, Max: 0x000003f0, ABSOLUTE)

    **** No section assigned to this execution region ****



  Load Region LR_RETAINED_TRNG_STATE (Base: 0x07fcb89c, Size: 0x00000000, Max: 0x00000004, ABSOLUTE)

    Execution Region RET_DATA_UNINIT_TRNG_STATE (Exec base: 0x07fcb89c, Load base: 0x07fcb89c, Size: 0x00000004, Max: 0x00000004, ABSOLUTE, UNINIT)

    Exec Addr    Load Addr    Size         Type   Attr      Idx    E Section Name        Object

    0x07fcb89c        -       0x00000004   Zero   RW         2059    trng_state          trng.o


==============================================================================

Image component sizes


      Code (inc. data)   RO Data    RW Data    ZI Data      Debug   Object Name

       992         34          0          0          6      18084   adc_531.o
       828         68         80          0         92      19158   app.o
        96          8          0          0          0       1964   app_customs.o
        24          0          0          0          0       1549   app_customs_task.o
       228          8          0          0          0       7592   app_default_handlers.o
        60          4          0          0          0       1498   app_diss.o
       224         96          8          0          0       2575   app_diss_task.o
       472         26          0          0         80       6201   app_easy_timer.o
         0          0        136          0          0       3984   app_entry_point.o
        40          4          0          0          0       1519   app_msg_utils.o
       500         16        104          0          1      11138   app_task.o
       768         82          0          0          8      27759   arch_main.o
       348        136         80          0          2       2744   arch_rom.o
       192         18          0          0          4       3229   arch_sleep.o
      1300        104          8          0         60      95679   arch_system.o
       720         62        112          0          0      77088   ble_arp.o
         0          0         16          0          0       3826   custs1.o
       300         12         80          0          0       7442   custs1_task.o
       572         22          2          0         76      15019   gpio.o
       152         18          0          0          0       4113   hardfault_handler.o
       400         38         28          0          1       5026   hw_otpc_531.o
        56         12          0          0         48       8648   i2c.o
        80          4        616          0       4172      11810   jump_table.o
       192         20          0          0          0       9115   nmi_handler.o
         0          0         22          0          0       5121   nvds.o
       824         66          0          8         96       7126   otp_cs.o
        16          4          0          0          0       1225   otp_hdr.o
       160         10         36          0         48       3782   prf.o
      1228        128          0          1         54       6551   rf_531.o
       472         42          0          0          8      76026   rwble.o
       480         62          0          0         16      74782   rwip.o
        80         16        160          0       1536        816   startup_da14531.o
       280         18          0          0          2       5496   syscntl.o
       152         22          0          0          0     284612   system_da14531.o
       132         18          0          0         24       2472   trng.o
       352         14          0          0         64      11864   uart.o
         0          0       1419          0          0       2011   user_custs1_def.o
       600         28          8          0          6       7637   user_custs1_impl.o
         0          0         56          0          0        933   user_custs_config.o
       208         12          0          0          0       3249   user_periph_setup.o
       716         60          0          0         74       6675   user_peripheral.o
       156         14          0          0         12       3966   wkupct_quadec.o

    ----------------------------------------------------------------------
     14400       1306       3010         12       6588     851104   Object Totals
         0          0         32          0         80          0   (incl. Generated)
         0          0          7          3         18          0   (incl. Padding)

    ----------------------------------------------------------------------

      Code (inc. data)   RO Data    RW Data    ZI Data      Debug   Library Member Name

      1064         54          0          0          0        276   patch.o
         0          0          0          0          0          0   entry.o
         0          0          0          0          0          0   entry10a.o
         0          0          0          0          0          0   entry11a.o
         4          0          0          0          0          0   entry12b.o
         8          4          0          0          0          0   entry2.o
         4          0          0          0          0          0   entry5.o
         0          0          0          0          0          0   entry7b.o
         0          0          0          0          0          0   entry8b.o
         8          4          0          0          0          0   entry9a.o
        30          0          0          0          0          0   handlers.o
        36          8          0          0          0         68   init.o
       774         48          0          0          0        228   printf5.o
        24          0          0          0          0         60   strcat.o

    ----------------------------------------------------------------------
      1954        118          0          0          0        632   Library Totals
         2          0          0          0          0          0   (incl. Padding)

    ----------------------------------------------------------------------

      Code (inc. data)   RO Data    RW Data    ZI Data      Debug   Library Name

      1064         54          0          0          0        276   da14531.lib
       888         64          0          0          0        356   mc_p.l

    ----------------------------------------------------------------------
      1954        118          0          0          0        632   Library Totals

    ----------------------------------------------------------------------

==============================================================================


      Code (inc. data)   RO Data    RW Data    ZI Data      Debug   

     16354       1424       3010         12       6588     848852   Grand Totals
     16354       1424       3010         12       6588     848852   ELF Image Totals
     16354       1424       3010         12          0          0   ROM Totals

==============================================================================

    Total RO  Size (Code + RO Data)                19364 (  18.91kB)
    Total RW  Size (RW Data + ZI Data)              6600 (   6.45kB)
    Total ROM Size (Code + RO Data + RW Data)      19376 (  18.92kB)

==============================================================================

